Component: ARM Compiler 5.06 update 6 (build 750) Tool: armlink [4d35ed]

==============================================================================

Section Cross References

    main.o(.text) refers to printfa.o(i.__0vsnprintf) for __c89vsnprintf
    main.o(.text) refers to stm32f10x_usart.o(.text) for USART_SendData
    main.o(.text) refers to segger_rtt_printf.o(.text) for SEGGER_RTT_printf
    main.o(.text) refers to printf5.o(i.__0printf$5) for __2printf
    main.o(.text) refers to delay.o(.text) for delay_ms
    main.o(.text) refers to stm32f10x_gpio.o(.text) for GPIO_ReadInputDataBit
    main.o(.text) refers to memseta.o(.text) for __aeabi_memclr4
    main.o(.text) refers to memcpya.o(.text) for __aeabi_memcpy
    main.o(.text) refers to usart.o(.data) for Uart1_Rx
    main.o(.text) refers to usart.o(.bss) for Uart1_Buffer
    main.o(.text) refers to main.o(.data) for m_data
    main.o(.text) refers to misc.o(.text) for NVIC_PriorityGroupConfig
    main.o(.text) refers to usart.o(.text) for SdkEvalComIOConfig
    main.o(.text) refers to key.o(.text) for KEY_Init
    main.o(.text) refers to exti.o(.text) for EXTIX_Init
    main.o(.text) refers to led.o(.text) for LED_Init
    main.o(.text) refers to timer.o(.text) for TIM3_Int_Init
    main.o(.text) refers to main.o(.conststring) for .conststring
    main.o(.text) refers to exti.o(.data) for lock_jiance_flag
    system_stm32f10x.o(.text) refers to system_stm32f10x.o(.data) for SystemCoreClock
    led.o(.text) refers to stm32f10x_rcc.o(.text) for RCC_APB2PeriphClockCmd
    led.o(.text) refers to stm32f10x_gpio.o(.text) for GPIO_PinRemapConfig
    led.o(.text) refers to stm32f10x_tim.o(.text) for TIM_SetCounter
    led.o(.text) refers to misc.o(.text) for NVIC_Init
    led.o(.text) refers to segger_rtt_printf.o(.text) for SEGGER_RTT_printf
    led.o(.text) refers to delay.o(.text) for delay_ms
    led.o(.text) refers to main.o(.text) for lock_all_off
    led.o(.text) refers to main.o(.data) for key_mode
    led.o(.text) refers to led.o(.data) for lock_channel
    timer.o(.text) refers to stm32f10x_tim.o(.text) for TIM_SetCounter
    timer.o(.text) refers to stm32f10x_rcc.o(.text) for RCC_APB1PeriphClockCmd
    timer.o(.text) refers to misc.o(.text) for NVIC_Init
    timer.o(.text) refers to segger_rtt_printf.o(.text) for SEGGER_RTT_printf
    timer.o(.text) refers to usart.o(.data) for Uart1_Rx
    key.o(.text) refers to stm32f10x_rcc.o(.text) for RCC_APB2PeriphClockCmd
    key.o(.text) refers to stm32f10x_gpio.o(.text) for GPIO_PinRemapConfig
    key.o(.text) refers to delay.o(.text) for delay_ms
    key.o(.text) refers to stm32f10x_tim.o(.text) for TIM_TimeBaseInit
    key.o(.text) refers to misc.o(.text) for NVIC_Init
    key.o(.text) refers to key.o(.data) for key_up
    key.o(.text) refers to key.o(.bss) for keyInputHighCount
    exti.o(.text) refers to stm32f10x_rcc.o(.text) for RCC_APB2PeriphClockCmd
    exti.o(.text) refers to key.o(.text) for KEY_Init
    exti.o(.text) refers to stm32f10x_gpio.o(.text) for GPIO_EXTILineConfig
    exti.o(.text) refers to stm32f10x_exti.o(.text) for EXTI_Init
    exti.o(.text) refers to misc.o(.text) for NVIC_Init
    exti.o(.text) refers to main.o(.text) for lock_all_off
    exti.o(.text) refers to delay.o(.text) for delay_ms
    exti.o(.text) refers to segger_rtt_printf.o(.text) for SEGGER_RTT_printf
    exti.o(.text) refers to exti.o(.data) for lock_jiance_flag
    delay.o(.text) refers to misc.o(.text) for SysTick_CLKSourceConfig
    delay.o(.text) refers to system_stm32f10x.o(.data) for SystemCoreClock
    delay.o(.text) refers to delay.o(.data) for fac_us
    usart.o(.text) refers to stm32f10x_usart.o(.text) for USART_SendData
    usart.o(.text) refers to stm32f10x_rcc.o(.text) for RCC_APB2PeriphClockCmd
    usart.o(.text) refers to stm32f10x_gpio.o(.text) for GPIO_Init
    usart.o(.text) refers to misc.o(.text) for NVIC_Init
    usart.o(.text) refers to segger_rtt_printf.o(.text) for SEGGER_RTT_printf
    usart.o(.text) refers to timer.o(.text) for TIM3_Set
    usart.o(.text) refers to usart.o(.data) for IO_Receive_Data
    usart.o(.text) refers to usart.o(.bss) for Uart1_Buffer
    startup_stm32f10x_md.o(RESET) refers to startup_stm32f10x_md.o(STACK) for __initial_sp
    startup_stm32f10x_md.o(RESET) refers to startup_stm32f10x_md.o(.text) for Reset_Handler
    startup_stm32f10x_md.o(RESET) refers to stm32f10x_it.o(.text) for NMI_Handler
    startup_stm32f10x_md.o(RESET) refers to exti.o(.text) for EXTI9_5_IRQHandler
    startup_stm32f10x_md.o(RESET) refers to key.o(.text) for TIM2_IRQHandler
    startup_stm32f10x_md.o(RESET) refers to timer.o(.text) for TIM3_IRQHandler
    startup_stm32f10x_md.o(RESET) refers to led.o(.text) for TIM4_IRQHandler
    startup_stm32f10x_md.o(RESET) refers to usart.o(.text) for USART1_IRQHandler
    startup_stm32f10x_md.o(.text) refers to system_stm32f10x.o(.text) for SystemInit
    startup_stm32f10x_md.o(.text) refers to entry.o(.ARM.Collect$$$$00000000) for __main
[...]
    printf1.o(i.__0printf$1) refers to usart.o(.data) for __stdout
    printf1.o(i.__0snprintf$1) refers to printf1.o(i._printf_core) for _printf_core
    printf1.o(i.__0snprintf$1) refers to printf1.o(i._snputc) for _snputc
    printf1.o(i.__0sprintf$1) refers to printf1.o(i._printf_core) for _printf_core
    printf1.o(i.__0sprintf$1) refers to printf1.o(i._sputc) for _sputc
    printf1.o(i.__0vfprintf$1) refers to printf1.o(i._printf_core) for _printf_core
    printf1.o(i.__0vfprintf$1) refers to usart.o(.text) for fputc
    printf1.o(i.__0vprintf$1) refers to printf1.o(i._printf_core) for _printf_core
    printf1.o(i.__0vprintf$1) refers to usart.o(.text) for fputc
    printf1.o(i.__0vprintf$1) refers to usart.o(.data) for __stdout
    printf1.o(i.__0vsnprintf$1) refers to printf1.o(i._printf_core) for _printf_core
    printf1.o(i.__0vsnprintf$1) refers to printf1.o(i._snputc) for _snputc
    printf1.o(i.__0vsprintf$1) refers to printf1.o(i._printf_core) for _printf_core
    printf1.o(i.__0vsprintf$1) refers to printf1.o(i._sputc) for _sputc
    printf1.o(i._printf_core) refers to uidiv.o(.text) for __aeabi_uidivmod
    printf2.o(i.__0fprintf$2) refers to printf2.o(i._printf_core) for _printf_core
    printf2.o(i.__0fprintf$2) refers to usart.o(.text) for fputc
    printf2.o(i.__0printf$2) refers to printf2.o(i._printf_core) for _printf_core
    printf2.o(i.__0printf$2) refers to usart.o(.text) for fputc
    printf2.o(i.__0printf$2) refers to usart.o(.data) for __stdout
    printf2.o(i.__0snprintf$2) refers to printf2.o(i._printf_core) for _printf_core
    printf2.o(i.__0snprintf$2) refers to printf2.o(i._snputc) for _snputc
    printf2.o(i.__0sprintf$2) refers to printf2.o(i._printf_core) for _printf_core
    printf2.o(i.__0sprintf$2) refers to printf2.o(i._sputc) for _sputc
    printf2.o(i.__0vfprintf$2) refers to printf2.o(i._printf_core) for _printf_core
    printf2.o(i.__0vfprintf$2) refers to usart.o(.text) for fputc
    printf2.o(i.__0vprintf$2) refers to printf2.o(i._printf_core) for _printf_core
    printf2.o(i.__0vprintf$2) refers to usart.o(.text) for fputc
    printf2.o(i.__0vprintf$2) refers to usart.o(.data) for __stdout
    printf2.o(i.__0vsnprintf$2) refers to printf2.o(i._printf_core) for _printf_core
    printf2.o(i.__0vsnprintf$2) refers to printf2.o(i._snputc) for _snputc
    printf2.o(i.__0vsprintf$2) refers to printf2.o(i._printf_core) for _printf_core
    printf2.o(i.__0vsprintf$2) refers to printf2.o(i._sputc) for _sputc
    printf3.o(i.__0fprintf$3) refers to printf3.o(i._printf_core) for _printf_core
    printf3.o(i.__0fprintf$3) refers to usart.o(.text) for fputc
    printf3.o(i.__0printf$3) refers to printf3.o(i._printf_core) for _printf_core
    printf3.o(i.__0printf$3) refers to usart.o(.text) for fputc
    printf3.o(i.__0printf$3) refers to usart.o(.data) for __stdout
    printf3.o(i.__0snprintf$3) refers to printf3.o(i._printf_core) for _printf_core
    printf3.o(i.__0snprintf$3) refers to printf3.o(i._snputc) for _snputc
    printf3.o(i.__0sprintf$3) refers to printf3.o(i._printf_core) for _printf_core
    printf3.o(i.__0sprintf$3) refers to printf3.o(i._sputc) for _sputc
    printf3.o(i.__0vfprintf$3) refers to printf3.o(i._printf_core) for _printf_core
    printf3.o(i.__0vfprintf$3) refers to usart.o(.text) for fputc
    printf3.o(i.__0vprintf$3) refers to printf3.o(i._printf_core) for _printf_core
    printf3.o(i.__0vprintf$3) refers to usart.o(.text) for fputc
    printf3.o(i.__0vprintf$3) refers to usart.o(.data) for __stdout
    printf3.o(i.__0vsnprintf$3) refers to printf3.o(i._printf_core) for _printf_core
    printf3.o(i.__0vsnprintf$3) refers to printf3.o(i._snputc) for _snputc
    printf3.o(i.__0vsprintf$3) refers to printf3.o(i._printf_core) for _printf_core
    printf3.o(i.__0vsprintf$3) refers to printf3.o(i._sputc) for _sputc
    printf3.o(i._printf_core) refers to uidiv.o(.text) for __aeabi_uidivmod
    printf4.o(i.__0fprintf$4) refers to printf4.o(i._printf_core) for _printf_core
    printf4.o(i.__0fprintf$4) refers to usart.o(.text) for fputc
    printf4.o(i.__0printf$4) refers to printf4.o(i._printf_core) for _printf_core
    printf4.o(i.__0printf$4) refers to usart.o(.text) for fputc
    printf4.o(i.__0printf$4) refers to usart.o(.data) for __stdout
    printf4.o(i.__0snprintf$4) refers to printf4.o(i._printf_core) for _printf_core
    printf4.o(i.__0snprintf$4) refers to printf4.o(i._snputc) for _snputc
    printf4.o(i.__0sprintf$4) refers to printf4.o(i._printf_core) for _printf_core
    printf4.o(i.__0sprintf$4) refers to printf4.o(i._sputc) for _sputc
    printf4.o(i.__0vfprintf$4) refers to printf4.o(i._printf_core) for _printf_core
    printf4.o(i.__0vfprintf$4) refers to usart.o(.text) for fputc
    printf4.o(i.__0vprintf$4) refers to printf4.o(i._printf_core) for _printf_core
    printf4.o(i.__0vprintf$4) refers to usart.o(.text) for fputc
    printf4.o(i.__0vprintf$4) refers to usart.o(.data) for __stdout
    printf4.o(i.__0vsnprintf$4) refers to printf4.o(i._printf_core) for _printf_core
    printf4.o(i.__0vsnprintf$4) refers to printf4.o(i._snputc) for _snputc
    printf4.o(i.__0vsprintf$4) refers to printf4.o(i._printf_core) for _printf_core
    printf4.o(i.__0vsprintf$4) refers to printf4.o(i._sputc) for _sputc
    printf4.o(i._printf_core) refers to uldiv.o(.text) for __aeabi_uldivmod
    printf5.o(i.__0fprintf$5) refers to printf5.o(i._printf_core) for _printf_core
    printf5.o(i.__0fprintf$5) refers to usart.o(.text) for fputc
    printf5.o(i.__0printf$5) refers to printf5.o(i._printf_core) for _printf_core
    printf5.o(i.__0printf$5) refers to usart.o(.text) for fputc
    printf5.o(i.__0printf$5) refers to usart.o(.data) for __stdout
    printf5.o(i.__0snprintf$5) refers to printf5.o(i._printf_core) for _printf_core
    printf5.o(i.__0snprintf$5) refers to printf5.o(i._snputc) for _snputc
    printf5.o(i.__0sprintf$5) refers to printf5.o(i._printf_core) for _printf_core
    printf5.o(i.__0sprintf$5) refers to printf5.o(i._sputc) for _sputc
    printf5.o(i.__0vfprintf$5) refers to printf5.o(i._printf_core) for _printf_core
    printf5.o(i.__0vfprintf$5) refers to usart.o(.text) for fputc
    printf5.o(i.__0vprintf$5) refers to printf5.o(i._printf_core) for _printf_core
    printf5.o(i.__0vprintf$5) refers to usart.o(.text) for fputc
    printf5.o(i.__0vprintf$5) refers to usart.o(.data) for __stdout
    printf5.o(i.__0vsnprintf$5) refers to printf5.o(i._printf_core) for _printf_core
    printf5.o(i.__0vsnprintf$5) refers to printf5.o(i._snputc) for _snputc
    printf5.o(i.__0vsprintf$5) refers to printf5.o(i._printf_core) for _printf_core
    printf5.o(i.__0vsprintf$5) refers to printf5.o(i._sputc) for _sputc
    printf5.o(i._printf_core) refers to uldiv.o(.text) for __aeabi_uldivmod
    printf6.o(i.__0fprintf$6) refers to printf6.o(i._printf_core) for _printf_core
    printf6.o(i.__0fprintf$6) refers to usart.o(.text) for fputc
    printf6.o(i.__0printf$6) refers to printf6.o(i._printf_core) for _printf_core
    printf6.o(i.__0printf$6) refers to usart.o(.text) for fputc
    printf6.o(i.__0printf$6) refers to usart.o(.data) for __stdout
    printf6.o(i.__0snprintf$6) refers to printf6.o(i._printf_core) for _printf_core
    printf6.o(i.__0snprintf$6) refers to printf6.o(i._snputc) for _snputc
    printf6.o(i.__0sprintf$6) refers to printf6.o(i._printf_core) for _printf_core
    printf6.o(i.__0sprintf$6) refers to printf6.o(i._sputc) for _sputc
    printf6.o(i.__0vfprintf$6) refers to printf6.o(i._printf_core) for _printf_core
    printf6.o(i.__0vfprintf$6) refers to usart.o(.text) for fputc
    printf6.o(i.__0vprintf$6) refers to printf6.o(i._printf_core) for _printf_core
    printf6.o(i.__0vprintf$6) refers to usart.o(.text) for fputc
    printf6.o(i.__0vprintf$6) refers to usart.o(.data) for __stdout
    printf6.o(i.__0vsnprintf$6) refers to printf6.o(i._printf_core) for _printf_core
    printf6.o(i.__0vsnprintf$6) refers to printf6.o(i._snputc) for _snputc
    printf6.o(i.__0vsprintf$6) refers to printf6.o(i._printf_core) for _printf_core
    printf6.o(i.__0vsprintf$6) refers to printf6.o(i._sputc) for _sputc
    printf6.o(i._printf_core) refers to printf6.o(i._printf_pre_padding) for _printf_pre_padding
    printf6.o(i._printf_core) refers to uidiv.o(.text) for __aeabi_uidivmod
    printf6.o(i._printf_core) refers to printf6.o(i._printf_post_padding) for _printf_post_padding
    printf7.o(i.__0fprintf$7) refers to printf7.o(i._printf_core) for _printf_core
    printf7.o(i.__0fprintf$7) refers to usart.o(.text) for fputc
    printf7.o(i.__0printf$7) refers to printf7.o(i._printf_core) for _printf_core
    printf7.o(i.__0printf$7) refers to usart.o(.text) for fputc
    printf7.o(i.__0printf$7) refers to usart.o(.data) for __stdout
    printf7.o(i.__0snprintf$7) refers to printf7.o(i._printf_core) for _printf_core
    printf7.o(i.__0snprintf$7) refers to printf7.o(i._snputc) for _snputc
    printf7.o(i.__0sprintf$7) refers to printf7.o(i._printf_core) for _printf_core
    printf7.o(i.__0sprintf$7) refers to printf7.o(i._sputc) for _sputc
    printf7.o(i.__0vfprintf$7) refers to printf7.o(i._printf_core) for _printf_core
    printf7.o(i.__0vfprintf$7) refers to usart.o(.text) for fputc
    printf7.o(i.__0vprintf$7) refers to printf7.o(i._printf_core) for _printf_core
    printf7.o(i.__0vprintf$7) refers to usart.o(.text) for fputc
    printf7.o(i.__0vprintf$7) refers to usart.o(.data) for __stdout
    printf7.o(i.__0vsnprintf$7) refers to printf7.o(i._printf_core) for _printf_core
    printf7.o(i.__0vsnprintf$7) refers to printf7.o(i._snputc) for _snputc
    printf7.o(i.__0vsprintf$7) refers to printf7.o(i._printf_core) for _printf_core
    printf7.o(i.__0vsprintf$7) refers to printf7.o(i._sputc) for _sputc
    printf7.o(i._printf_core) refers to printf7.o(i._printf_pre_padding) for _printf_pre_padding
    printf7.o(i._printf_core) refers to uldiv.o(.text) for __aeabi_uldivmod
    printf7.o(i._printf_core) refers to printf7.o(i._printf_post_padding) for _printf_post_padding
    printf8.o(i.__0fprintf$8) refers to printf8.o(i._printf_core) for _printf_core
    printf8.o(i.__0fprintf$8) refers to usart.o(.text) for fputc
    printf8.o(i.__0printf$8) refers to printf8.o(i._printf_core) for _printf_core
    printf8.o(i.__0printf$8) refers to usart.o(.text) for fputc
    printf8.o(i.__0printf$8) refers to usart.o(.data) for __stdout
    printf8.o(i.__0snprintf$8) refers to printf8.o(i._printf_core) for _printf_core
    printf8.o(i.__0snprintf$8) refers to printf8.o(i._snputc) for _snputc
    printf8.o(i.__0sprintf$8) refers to printf8.o(i._printf_core) for _printf_core
    printf8.o(i.__0sprintf$8) refers to printf8.o(i._sputc) for _sputc
    printf8.o(i.__0vfprintf$8) refers to printf8.o(i._printf_core) for _printf_core
    printf8.o(i.__0vfprintf$8) refers to usart.o(.text) for fputc
    printf8.o(i.__0vprintf$8) refers to printf8.o(i._printf_core) for _printf_core
    printf8.o(i.__0vprintf$8) refers to usart.o(.text) for fputc
    printf8.o(i.__0vprintf$8) refers to usart.o(.data) for __stdout
    printf8.o(i.__0vsnprintf$8) refers to printf8.o(i._printf_core) for _printf_core
    printf8.o(i.__0vsnprintf$8) refers to printf8.o(i._snputc) for _snputc
    printf8.o(i.__0vsprintf$8) refers to printf8.o(i._printf_core) for _printf_core
    printf8.o(i.__0vsprintf$8) refers to printf8.o(i._sputc) for _sputc
    printf8.o(i._printf_core) refers to printf8.o(i._printf_pre_padding) for _printf_pre_padding
    printf8.o(i._printf_core) refers to uldiv.o(.text) for __aeabi_uldivmod
    printf8.o(i._printf_core) refers to printf8.o(i._printf_post_padding) for _printf_post_padding
    printfa.o(i.__0fprintf) refers (Special) to iusefp.o(.text) for __I$use$fp
    printfa.o(i.__0fprintf) refers to printfa.o(i._printf_core) for _printf_core
    printfa.o(i.__0fprintf) refers to usart.o(.text) for fputc
    printfa.o(i.__0printf) refers (Special) to iusefp.o(.text) for __I$use$fp
    printfa.o(i.__0printf) refers to printfa.o(i._printf_core) for _printf_core
    printfa.o(i.__0printf) refers to usart.o(.text) for fputc
    printfa.o(i.__0printf) refers to usart.o(.data) for __stdout
    printfa.o(i.__0snprintf) refers (Special) to iusefp.o(.text) for __I$use$fp
    printfa.o(i.__0snprintf) refers to printfa.o(i._printf_core) for _printf_core
    printfa.o(i.__0snprintf) refers to printfa.o(i._snputc) for _snputc
    printfa.o(i.__0sprintf) refers (Special) to iusefp.o(.text) for __I$use$fp
    printfa.o(i.__0sprintf) refers to printfa.o(i._printf_core) for _printf_core
    printfa.o(i.__0sprintf) refers to printfa.o(i._sputc) for _sputc
    printfa.o(i.__0vfprintf) refers (Special) to iusefp.o(.text) for __I$use$fp
    printfa.o(i.__0vfprintf) refers to printfa.o(i._printf_core) for _printf_core
    printfa.o(i.__0vfprintf) refers to usart.o(.text) for fputc
    printfa.o(i.__0vprintf) refers (Special) to iusefp.o(.text) for __I$use$fp
    printfa.o(i.__0vprintf) refers to printfa.o(i._printf_core) for _printf_core
    printfa.o(i.__0vprintf) refers to usart.o(.text) for fputc
    printfa.o(i.__0vprintf) refers to usart.o(.data) for __stdout
    printfa.o(i.__0vsnprintf) refers (Special) to iusefp.o(.text) for __I$use$fp
    printfa.o(i.__0vsnprintf) refers to printfa.o(i._printf_core) for _printf_core
    printfa.o(i.__0vsnprintf) refers to printfa.o(i._snputc) for _snputc
    printfa.o(i.__0vsprintf) refers (Special) to iusefp.o(.text) for __I$use$fp
    printfa.o(i.__0vsprintf) refers to printfa.o(i._printf_core) for _printf_core
    printfa.o(i.__0vsprintf) refers to printfa.o(i._sputc) for _sputc
    printfa.o(i._fp_digits) refers (Special) to iusefp.o(.text) for __I$use$fp
    printfa.o(i._fp_digits) refers to dmul.o(.text) for __aeabi_dmul
    printfa.o(i._fp_digits) refers to ddiv.o(.text) for __aeabi_ddiv
    printfa.o(i._fp_digits) refers to cdrcmple.o(.text) for __aeabi_cdrcmple
    printfa.o(i._fp_digits) refers to dadd.o(.text) for __aeabi_dadd
    printfa.o(i._fp_digits) refers to dfixul.o(.text) for __aeabi_d2ulz
    printfa.o(i._fp_digits) refers to uldiv.o(.text) for __aeabi_uldivmod
    printfa.o(i._printf_core) refers (Special) to iusefp.o(.text) for __I$use$fp
    printfa.o(i._printf_core) refers to printfa.o(i._printf_pre_padding) for _printf_pre_padding
    printfa.o(i._printf_core) refers to uldiv.o(.text) for __aeabi_uldivmod
    printfa.o(i._printf_core) refers to printfa.o(i._printf_post_padding) for _printf_post_padding
    printfa.o(i._printf_core) refers to printfa.o(i._fp_digits) for _fp_digits
    printfa.o(i._printf_core) refers to uidiv.o(.text) for __aeabi_uidivmod
    printfa.o(i._printf_post_padding) refers (Special) to iusefp.o(.text) for __I$use$fp
    printfa.o(i._printf_pre_padding) refers (Special) to iusefp.o(.text) for __I$use$fp
    printfa.o(i._snputc) refers (Special) to iusefp.o(.text) for __I$use$fp
    printfa.o(i._sputc) refers (Special) to iusefp.o(.text) for __I$use$fp
    entry2.o(.ARM.Collect$$$$00000001) refers to entry2.o(.ARM.Collect$$$$00002712) for __lit__00000000
    entry2.o(.ARM.Collect$$$$00002712) refers to startup_stm32f10x_md.o(STACK) for __initial_sp
    entry2.o(__vectab_stack_and_reset_area) refers to startup_stm32f10x_md.o(STACK) for __initial_sp
    entry2.o(__vectab_stack_and_reset_area) refers to entry.o(.ARM.Collect$$$$00000000) for __main
    entry5.o(.ARM.Collect$$$$00000004) refers to init.o(.text) for __scatterload
    entry9a.o(.ARM.Collect$$$$0000000B) refers to main.o(.text) for main
    entry9b.o(.ARM.Collect$$$$0000000C) refers to main.o(.text) for main
    uldiv.o(.text) refers to llushr.o(.text) for __aeabi_llsr
    uldiv.o(.text) refers to llshl.o(.text) for __aeabi_llsl
    dadd.o(.text) refers to llshl.o(.text) for __aeabi_llsl
    dadd.o(.text) refers to llsshr.o(.text) for __aeabi_lasr
    dadd.o(.text) refers to depilogue.o(.text) for _double_epilogue
    dmul.o(.text) refers to depilogue.o(.text) for _double_epilogue
    ddiv.o(.text) refers to depilogue.o(.text) for _double_round
    dfixul.o(.text) refers to llushr.o(.text) for __aeabi_llsr
    dfixul.o(.text) refers to llshl.o(.text) for __aeabi_llsl
    init.o(.text) refers to entry5.o(.ARM.Collect$$$$00000004) for __main_after_scatterload
    depilogue.o(.text) refers to llshl.o(.text) for __aeabi_llsl
    depilogue.o(.text) refers to llushr.o(.text) for __aeabi_llsr


==============================================================================

Removing Unused input sections from the image.

    Removing sys.o(.emb_text), (6 bytes).
    Removing sys.o(.text), (12 bytes).
    Removing core_cm3.o(.emb_text), (32 bytes).
    Removing startup_stm32f10x_md.o(HEAP), (512 bytes).

4 unused section(s) (total 562 bytes) removed from the image.

==============================================================================

Image Symbol Table

    Local Symbols

    Symbol Name                              Value     Ov Type        Size  Object(Section)

    ../clib/microlib/division.c              0x00000000   Number         0  uidiv.o ABSOLUTE
    ../clib/microlib/division.c              0x00000000   Number         0  uldiv.o ABSOLUTE
    ../clib/microlib/init/entry.s            0x00000000   Number         0  entry11b.o ABSOLUTE
    ../clib/microlib/init/entry.s            0x00000000   Number         0  entry8a.o ABSOLUTE
    ../clib/microlib/init/entry.s            0x00000000   Number         0  entry11a.o ABSOLUTE
    ../clib/microlib/init/entry.s            0x00000000   Number         0  entry5.o ABSOLUTE
    ../clib/microlib/init/entry.s            0x00000000   Number         0  entry2.o ABSOLUTE
    ../clib/microlib/init/entry.s            0x00000000   Number         0  entry10b.o ABSOLUTE
    ../clib/microlib/init/entry.s            0x00000000   Number         0  entry8b.o ABSOLUTE
    ../clib/microlib/init/entry.s            0x00000000   Number         0  entry.o ABSOLUTE
    ../clib/microlib/init/entry.s            0x00000000   Number         0  entry9a.o ABSOLUTE
    ../clib/microlib/init/entry.s            0x00000000   Number         0  entry10a.o ABSOLUTE
    ../clib/microlib/init/entry.s            0x00000000   Number         0  entry9b.o ABSOLUTE
    ../clib/microlib/init/entry.s            0x00000000   Number         0  entry7b.o ABSOLUTE
    ../clib/microlib/init/entry.s            0x00000000   Number         0  entry7a.o ABSOLUTE
    ../clib/microlib/longlong.c              0x00000000   Number         0  llshl.o ABSOLUTE
    ../clib/microlib/longlong.c              0x00000000   Number         0  llushr.o ABSOLUTE
    ../clib/microlib/longlong.c              0x00000000   Number         0  llsshr.o ABSOLUTE
    ../clib/microlib/printf/printf.c         0x00000000   Number         0  printf2.o ABSOLUTE
    ../clib/microlib/printf/printf.c         0x00000000   Number         0  printf3.o ABSOLUTE
    ../clib/microlib/printf/printf.c         0x00000000   Number         0  printf5.o ABSOLUTE
    ../clib/microlib/printf/printf.c         0x00000000   Number         0  printf7.o ABSOLUTE
    ../clib/microlib/printf/printf.c         0x00000000   Number         0  printf8.o ABSOLUTE
    ../clib/microlib/printf/printf.c         0x00000000   Number         0  printfa.o ABSOLUTE
    ../clib/microlib/printf/printf.c         0x00000000   Number         0  printf4.o ABSOLUTE
    ../clib/microlib/printf/printf.c         0x00000000   Number         0  printf6.o ABSOLUTE
    ../clib/microlib/printf/printf.c         0x00000000   Number         0  printfb.o ABSOLUTE
    ../clib/microlib/printf/printf.c         0x00000000   Number         0  printf0.o ABSOLUTE
    ../clib/microlib/printf/printf.c         0x00000000   Number         0  printf1.o ABSOLUTE
    ../clib/microlib/printf/stubs.s          0x00000000   Number         0  stubs.o ABSOLUTE
    ../clib/microlib/string/memcpy.c         0x00000000   Number         0  memcpya.o ABSOLUTE
    ../clib/microlib/string/memcpy.c         0x00000000   Number         0  memcpyb.o ABSOLUTE
    ../clib/microlib/string/memset.c         0x00000000   Number         0  memseta.o ABSOLUTE
    ../clib/microlib/string/strcpy.c         0x00000000   Number         0  strcpy.o ABSOLUTE
    ../clib/microlib/string/strlen.c         0x00000000   Number         0  strlen.o ABSOLUTE
    ../clib/microlib/stubs.s                 0x00000000   Number         0  useno.o ABSOLUTE
    ../clib/microlib/stubs.s                 0x00000000   Number         0  iusefp.o ABSOLUTE
    ../fplib/microlib/fpadd.c                0x00000000   Number         0  dadd.o ABSOLUTE
    ../fplib/microlib/fpdiv.c                0x00000000   Number         0  ddiv.o ABSOLUTE
    ../fplib/microlib/fpepilogue.c           0x00000000   Number         0  depilogue.o ABSOLUTE
    ../fplib/microlib/fpfix.c                0x00000000   Number         0  dfixul.o ABSOLUTE
    ../fplib/microlib/fpmul.c                0x00000000   Number         0  dmul.o ABSOLUTE
    ..\CORE\core_cm3.c                       0x00000000   Number         0  core_cm3.o ABSOLUTE
    ..\CORE\startup_stm32f10x_md.s           0x00000000   Number         0  startup_stm32f10x_md.o ABSOLUTE
    ..\HARDWARE\EXTI\exti.c                  0x00000000   Number         0  exti.o ABSOLUTE
    ..\HARDWARE\KEY\key.c                    0x00000000   Number         0  key.o ABSOLUTE
    ..\HARDWARE\LED\led.c                    0x00000000   Number         0  led.o ABSOLUTE
    ..\HARDWARE\TIMER\timer.c                0x00000000   Number         0  timer.o ABSOLUTE
    ..\RTT\SEGGER_RTT.c                      0x00000000   Number         0  segger_rtt.o ABSOLUTE
    ..\RTT\SEGGER_RTT_printf.c               0x00000000   Number         0  segger_rtt_printf.o ABSOLUTE
    ..\STM32F10x_FWLib\src\misc.c            0x00000000   Number         0  misc.o ABSOLUTE
    ..\STM32F10x_FWLib\src\stm32f10x_exti.c  0x00000000   Number         0  stm32f10x_exti.o ABSOLUTE
    ..\STM32F10x_FWLib\src\stm32f10x_gpio.c  0x00000000   Number         0  stm32f10x_gpio.o ABSOLUTE
    ..\STM32F10x_FWLib\src\stm32f10x_rcc.c   0x00000000   Number         0  stm32f10x_rcc.o ABSOLUTE
    ..\STM32F10x_FWLib\src\stm32f10x_tim.c   0x00000000   Number         0  stm32f10x_tim.o ABSOLUTE
    ..\STM32F10x_FWLib\src\stm32f10x_usart.c 0x00000000   Number         0  stm32f10x_usart.o ABSOLUTE
    ..\SYSTEM\delay\delay.c                  0x00000000   Number         0  delay.o ABSOLUTE
    ..\SYSTEM\sys\sys.c                      0x00000000   Number         0  sys.o ABSOLUTE
    ..\SYSTEM\usart\usart.c                  0x00000000   Number         0  usart.o ABSOLUTE
    ..\\CORE\\core_cm3.c                     0x00000000   Number         0  core_cm3.o ABSOLUTE
    ..\\SYSTEM\\sys\\sys.c                   0x00000000   Number         0  sys.o ABSOLUTE
    cdrcmple.s                               0x00000000   Number         0  cdrcmple.o ABSOLUTE
    dc.s                                     0x00000000   Number         0  dc.o ABSOLUTE
    handlers.s                               0x00000000   Number         0  handlers.o ABSOLUTE
    init.s                                   0x00000000   Number         0  init.o ABSOLUTE
    main.c                                   0x00000000   Number         0  main.o ABSOLUTE
    stm32f10x_it.c                           0x00000000   Number         0  stm32f10x_it.o ABSOLUTE
    system_stm32f10x.c                       0x00000000   Number         0  system_stm32f10x.o ABSOLUTE
    RESET                                    0x08000000   Section      236  startup_stm32f10x_md.o(RESET)
    .ARM.Collect$$$$00000000                 0x080000ec   Section        0  entry.o(.ARM.Collect$$$$00000000)
    .ARM.Collect$$$$00000001                 0x080000ec   Section        4  entry2.o(.ARM.Collect$$$$00000001)
    .ARM.Collect$$$$00000004                 0x080000f0   Section        4  entry5.o(.ARM.Collect$$$$00000004)
    .ARM.Collect$$$$00000008                 0x080000f4   Section        0  entry7b.o(.ARM.Collect$$$$00000008)
    .ARM.Collect$$$$0000000A                 0x080000f4   Section        0  entry8b.o(.ARM.Collect$$$$0000000A)
    .ARM.Collect$$$$0000000B                 0x080000f4   Section        8  entry9a.o(.ARM.Collect$$$$0000000B)
    .ARM.Collect$$$$0000000D                 0x080000fc   Section        0  entry10a.o(.ARM.Collect$$$$0000000D)
    .ARM.Collect$$$$0000000F                 0x080000fc   Section        0  entry11a.o(.ARM.Collect$$$$0000000F)
    .ARM.Collect$$$$00002712                 0x080000fc   Section        4  entry2.o(.ARM.Collect$$$$00002712)
    __lit__00000000                          0x080000fc   Data           4  entry2.o(.ARM.Collect$$$$00002712)
    .text                                    0x08000100   Section        0  main.o(.text)
    RS485_delay                              0x08000101   Thumb Code    18  main.o(.text)
    key1PressCallback                        0x08001f21   Thumb Code    32  main.o(.text)
    .text                                    0x080052e0   Section        0  stm32f10x_it.o(.text)
    .text                                    0x080052fc   Section        0  system_stm32f10x.o(.text)
    SetSysClockTo72                          0x080052fd   Thumb Code   216  system_stm32f10x.o(.text)
    SetSysClock                              0x080053d5   Thumb Code     8  system_stm32f10x.o(.text)
    .text                                    0x080054dc   Section        0  led.o(.text)
    RS485_delay                              0x080054dd   Thumb Code    18  led.o(.text)
    .text                                    0x080062a0   Section        0  timer.o(.text)
    RS485_delay                              0x080062a1   Thumb Code    18  timer.o(.text)
    .text                                    0x0800638c   Section        0  key.o(.text)
    .text                                    0x08006774   Section        0  exti.o(.text)
    RS485_delay                              0x08006775   Thumb Code    18  exti.o(.text)
    .text                                    0x0800683c   Section        0  delay.o(.text)
    .text                                    0x08006910   Section        0  usart.o(.text)
    .text                                    0x08006c3c   Section       36  startup_stm32f10x_md.o(.text)
    .text                                    0x08006c60   Section        0  stm32f10x_gpio.o(.text)
    .text                                    0x08006fbc   Section        0  stm32f10x_rcc.o(.text)
    .text                                    0x08007364   Section        0  stm32f10x_usart.o(.text)
    .text                                    0x0800776c   Section        0  misc.o(.text)
    .text                                    0x08007848   Section        0  stm32f10x_tim.o(.text)
    TI4_Config                               0x08007cef   Thumb Code   130  stm32f10x_tim.o(.text)
    TI3_Config                               0x08007d83   Thumb Code   122  stm32f10x_tim.o(.text)
    TI2_Config                               0x08007e17   Thumb Code   130  stm32f10x_tim.o(.text)
    TI1_Config                               0x08007eab   Thumb Code   108  stm32f10x_tim.o(.text)
    .text                                    0x08008664   Section        0  stm32f10x_exti.o(.text)
    .text                                    0x08008780   Section        0  segger_rtt.o(.text)
    _DoInit                                  0x08008781   Thumb Code    74  segger_rtt.o(.text)
    _WriteBlocking                           0x080087cb   Thumb Code   114  segger_rtt.o(.text)
    _WriteNoCheck                            0x0800883d   Thumb Code    76  segger_rtt.o(.text)
    _PostTerminalSwitch                      0x08008889   Thumb Code    32  segger_rtt.o(.text)
    _GetAvailWriteSpace                      0x080088a9   Thumb Code    28  segger_rtt.o(.text)
    .text                                    0x080092f8   Section        0  segger_rtt_printf.o(.text)
    _StoreChar                               0x080092f9   Thumb Code    68  segger_rtt_printf.o(.text)
    _PrintUnsigned                           0x0800933d   Thumb Code   230  segger_rtt_printf.o(.text)
    _PrintInt                                0x08009423   Thumb Code   236  segger_rtt_printf.o(.text)
    .text                                    0x08009740   Section        0  memcpya.o(.text)
    .text                                    0x08009764   Section        0  memseta.o(.text)
    .text                                    0x08009788   Section        0  strlen.o(.text)
    .text                                    0x08009796   Section        0  strcpy.o(.text)
    .text                                    0x080097a8   Section        0  uidiv.o(.text)
    .text                                    0x080097d4   Section        0  uldiv.o(.text)
    .text                                    0x08009836   Section        0  dadd.o(.text)
    .text                                    0x08009836   Section        0  iusefp.o(.text)
    .text                                    0x08009984   Section        0  dmul.o(.text)
    .text                                    0x08009a68   Section        0  ddiv.o(.text)
    .text                                    0x08009b46   Section        0  dfixul.o(.text)
    .text                                    0x08009b78   Section       48  cdrcmple.o(.text)
    .text                                    0x08009ba8   Section       36  init.o(.text)
    .text                                    0x08009bcc   Section        0  llshl.o(.text)
    .text                                    0x08009bea   Section        0  llushr.o(.text)
    .text                                    0x08009c0a   Section        0  llsshr.o(.text)
    .text                                    0x08009c2e   Section        0  depilogue.o(.text)
    i.__0printf$5                            0x08009ce8   Section        0  printf5.o(i.__0printf$5)
    i.__0vsnprintf                           0x08009d08   Section        0  printfa.o(i.__0vsnprintf)
    i.__scatterload_copy                     0x08009d34   Section       14  handlers.o(i.__scatterload_copy)
    i.__scatterload_null                     0x08009d42   Section        2  handlers.o(i.__scatterload_null)
    i.__scatterload_zeroinit                 0x08009d44   Section       14  handlers.o(i.__scatterload_zeroinit)
    i._fp_digits                             0x08009d54   Section        0  printfa.o(i._fp_digits)
    _fp_digits                               0x08009d55   Thumb Code   366  printfa.o(i._fp_digits)
    i._printf_core                           0x08009ed8   Section        0  printf5.o(i._printf_core)
    _printf_core                             0x08009ed9   Thumb Code   658  printf5.o(i._printf_core)
    i._printf_core                           0x0800a198   Section        0  printfa.o(i._printf_core)
    _printf_core                             0x0800a199   Thumb Code  1744  printfa.o(i._printf_core)
    i._printf_post_padding                   0x0800a874   Section        0  printfa.o(i._printf_post_padding)
    _printf_post_padding                     0x0800a875   Thumb Code    36  printfa.o(i._printf_post_padding)
    i._printf_pre_padding                    0x0800a898   Section        0  printfa.o(i._printf_pre_padding)
    _printf_pre_padding                      0x0800a899   Thumb Code    46  printfa.o(i._printf_pre_padding)
    i._snputc                                0x0800a8c6   Section        0  printfa.o(i._snputc)
    _snputc                                  0x0800a8c7   Thumb Code    22  printfa.o(i._snputc)
    .constdata                               0x0800a8dc   Section       16  segger_rtt_printf.o(.constdata)
    _aV2C                                    0x0800a8dc   Data          16  segger_rtt_printf.o(.constdata)
    .conststring                             0x0800a8ec   Section       67  main.o(.conststring)
    .data                                    0x20000000   Section       50  main.o(.data)
    key1ShortPressCount                      0x20000008   Data           4  main.o(.data)
    key1LongPressCount                       0x2000000c   Data           4  main.o(.data)
    key2ShortPressCount                      0x20000010   Data           4  main.o(.data)
    key2LongPressCount                       0x20000014   Data           4  main.o(.data)
    .data                                    0x20000034   Section       20  system_stm32f10x.o(.data)
    .data                                    0x20000048   Section        2  led.o(.data)
    .data                                    0x2000004c   Section       51  key.o(.data)
    KEY_GPIO                                 0x20000050   Data          12  key.o(.data)
    KEY_GPIO_Pin                             0x2000005c   Data           6  key.o(.data)
    KEY_PRESS_STATUS                         0x20000062   Data           3  key.o(.data)
    KEY_RCC_AHB1Periph_GPIO                  0x20000068   Data          12  key.o(.data)
    keyInitFlag                              0x20000074   Data           3  key.o(.data)
    keyStatus                                0x20000077   Data           3  key.o(.data)
    keyGetStatus                             0x2000007a   Data           3  key.o(.data)
    timInitFlag                              0x2000007d   Data           1  key.o(.data)
    key_up                                   0x2000007e   Data           1  key.o(.data)
    .data                                    0x2000007f   Section        1  exti.o(.data)
    .data                                    0x20000080   Section        4  delay.o(.data)
    fac_us                                   0x20000080   Data           1  delay.o(.data)
    fac_ms                                   0x20000082   Data           2  delay.o(.data)
    .data                                    0x20000084   Section       24  usart.o(.data)
    IO_Receive_Data                          0x2000008c   Data           4  usart.o(.data)
    .data                                    0x2000009c   Section       20  stm32f10x_rcc.o(.data)
    APBAHBPrescTable                         0x2000009c   Data          16  stm32f10x_rcc.o(.data)
    ADCPrescTable                            0x200000ac   Data           4  stm32f10x_rcc.o(.data)
    .data                                    0x200000b0   Section       17  segger_rtt.o(.data)
    _aTerminalId                             0x200000b0   Data          16  segger_rtt.o(.data)
    _ActiveTerminal                          0x200000c0   Data           1  segger_rtt.o(.data)
    .bss                                     0x200000c4   Section       36  key.o(.bss)
    keyInputHighCount                        0x200000c4   Data          12  key.o(.bss)
    keyInputLowCount                         0x200000d0   Data          12  key.o(.bss)
    keyPressCallback                         0x200000dc   Data          12  key.o(.bss)
    .bss                                     0x200000e8   Section      456  usart.o(.bss)
    .bss                                     0x200002b0   Section     1208  segger_rtt.o(.bss)
    _acUpBuffer                              0x20000358   Data        1024  segger_rtt.o(.bss)
    _acDownBuffer                            0x20000758   Data          16  segger_rtt.o(.bss)
    STACK                                    0x20000768   Section     1024  startup_stm32f10x_md.o(STACK)

    Global Symbols

    Symbol Name                              Value     Ov Type        Size  Object(Section)

    BuildAttributes$$THM_ISAv4$P$D$K$B$S$PE$A:L22UL41UL21$X:L11$S22US41US21$IEEE1$IW$USESV6$~STKCKD$USESV7$~SHL$OSPACE$ROPI$EBA8$MICROLIB$REQ8$PRES8$EABIv2 0x00000000   Number         0  anon$$obj.o ABSOLUTE
    __ARM_use_no_argv                        0x00000000   Number         0  main.o ABSOLUTE
    __use_no_errno                           0x00000000   Number         0  useno.o ABSOLUTE
    __use_no_exception_handling              0x00000000   Number         0  useno.o ABSOLUTE
    __use_no_fp                              0x00000000   Number         0  useno.o ABSOLUTE
    __use_no_heap                            0x00000000   Number         0  useno.o ABSOLUTE
    __use_no_heap_region                     0x00000000   Number         0  useno.o ABSOLUTE
    __use_no_semihosting                     0x00000000   Number         0  useno.o ABSOLUTE
    __use_no_semihosting_swi                 0x00000000   Number         0  useno.o ABSOLUTE
    __use_no_signal_handling                 0x00000000   Number         0  useno.o ABSOLUTE
    _printf_a                                0x00000000   Number         0  stubs.o ABSOLUTE
    _printf_c                                0x00000000   Number         0  stubs.o ABSOLUTE
    _printf_charcount                        0x00000000   Number         0  stubs.o ABSOLUTE
    _printf_d                                0x00000000   Number         0  stubs.o ABSOLUTE
    _printf_e                                0x00000000   Number         0  stubs.o ABSOLUTE
    _printf_f                                0x00000000   Number         0  stubs.o ABSOLUTE
    _printf_flags                            0x00000000   Number         0  stubs.o ABSOLUTE
    _printf_fp_dec                           0x00000000   Number         0  stubs.o ABSOLUTE
    _printf_fp_hex                           0x00000000   Number         0  stubs.o ABSOLUTE
    _printf_g                                0x00000000   Number         0  stubs.o ABSOLUTE
    _printf_i                                0x00000000   Number         0  stubs.o ABSOLUTE
    _printf_int_dec                          0x00000000   Number         0  stubs.o ABSOLUTE
    _printf_l                                0x00000000   Number         0  stubs.o ABSOLUTE
    _printf_lc                               0x00000000   Number         0  stubs.o ABSOLUTE
    _printf_ll                               0x00000000   Number         0  stubs.o ABSOLUTE
    _printf_lld                              0x00000000   Number         0  stubs.o ABSOLUTE
    _printf_lli                              0x00000000   Number         0  stubs.o ABSOLUTE
    _printf_llo                              0x00000000   Number         0  stubs.o ABSOLUTE
    _printf_llu                              0x00000000   Number         0  stubs.o ABSOLUTE
    _printf_llx                              0x00000000   Number         0  stubs.o ABSOLUTE
    _printf_longlong_dec                     0x00000000   Number         0  stubs.o ABSOLUTE
    _printf_longlong_hex                     0x00000000   Number         0  stubs.o ABSOLUTE
    _printf_longlong_oct                     0x00000000   Number         0  stubs.o ABSOLUTE
    _printf_ls                               0x00000000   Number         0  stubs.o ABSOLUTE
    _printf_mbtowc                           0x00000000   Number         0  stubs.o ABSOLUTE
    _printf_n                                0x00000000   Number         0  stubs.o ABSOLUTE
    _printf_o                                0x00000000   Number         0  stubs.o ABSOLUTE
    _printf_p                                0x00000000   Number         0  stubs.o ABSOLUTE
    _printf_percent                          0x00000000   Number         0  stubs.o ABSOLUTE
    _printf_pre_padding                      0x00000000   Number         0  stubs.o ABSOLUTE
    _printf_return_value                     0x00000000   Number         0  stubs.o ABSOLUTE
    _printf_s                                0x00000000   Number         0  stubs.o ABSOLUTE
    _printf_sizespec                         0x00000000   Number         0  stubs.o ABSOLUTE
    _printf_str                              0x00000000   Number         0  stubs.o ABSOLUTE
    _printf_truncate_signed                  0x00000000   Number         0  stubs.o ABSOLUTE
    _printf_truncate_unsigned                0x00000000   Number         0  stubs.o ABSOLUTE
    _printf_u                                0x00000000   Number         0  stubs.o ABSOLUTE
    _printf_wc                               0x00000000   Number         0  stubs.o ABSOLUTE
    _printf_wctomb                           0x00000000   Number         0  stubs.o ABSOLUTE
    _printf_widthprec                        0x00000000   Number         0  stubs.o ABSOLUTE
    _printf_x                                0x00000000   Number         0  stubs.o ABSOLUTE
    __cpp_initialize__aeabi_                  - Undefined Weak Reference
    __cxa_finalize                            - Undefined Weak Reference
    __decompress                              - Undefined Weak Reference
    _clock_init                               - Undefined Weak Reference
    _microlib_exit                            - Undefined Weak Reference
    __Vectors_Size                           0x000000ec   Number         0  startup_stm32f10x_md.o ABSOLUTE
    __Vectors                                0x08000000   Data           4  startup_stm32f10x_md.o(RESET)
    __Vectors_End                            0x080000ec   Data           0  startup_stm32f10x_md.o(RESET)
    __main                                   0x080000ed   Thumb Code     0  entry.o(.ARM.Collect$$$$00000000)
    _main_stk                                0x080000ed   Thumb Code     0  entry2.o(.ARM.Collect$$$$00000001)
    _main_scatterload                        0x080000f1   Thumb Code     0  entry5.o(.ARM.Collect$$$$00000004)
    __main_after_scatterload                 0x080000f5   Thumb Code     0  entry5.o(.ARM.Collect$$$$00000004)
    _main_clock                              0x080000f5   Thumb Code     0  entry7b.o(.ARM.Collect$$$$00000008)
    _main_cpp_init                           0x080000f5   Thumb Code     0  entry8b.o(.ARM.Collect$$$$0000000A)
    _main_init                               0x080000f5   Thumb Code     0  entry9a.o(.ARM.Collect$$$$0000000B)
    __rt_final_cpp                           0x080000fd   Thumb Code     0  entry10a.o(.ARM.Collect$$$$0000000D)
    __rt_final_exit                          0x080000fd   Thumb Code     0  entry11a.o(.ARM.Collect$$$$0000000F)
    usart1Printf                             0x08000113   Thumb Code    82  main.o(.text)
    spear_rtt_send_datas                     0x08000165   Thumb Code    46  main.o(.text)
    spear_uart_send_data                     0x08000193   Thumb Code    28  main.o(.text)
    spear_uart_send_datas                    0x080001af   Thumb Code    44  main.o(.text)
    UartSendString                           0x080001db   Thumb Code    38  main.o(.text)
    Process_InputData                        0x08000201   Thumb Code    16  main.o(.text)
    HCHO_Test                                0x08000211   Thumb Code    14  main.o(.text)
    ComputXor                                0x0800021f   Thumb Code    26  main.o(.text)
    lock_all_off                             0x08000239   Thumb Code   138  main.o(.text)
    lock_all_on_off                          0x080002c3   Thumb Code  2242  main.o(.text)
    data_parse                               0x08000b85   Thumb Code  5020  main.o(.text)
    key_fun                                  0x08001f41   Thumb Code 12236  main.o(.text)
    main                                     0x08004f0d   Thumb Code   888  main.o(.text)
    NMI_Handler                              0x080052e1   Thumb Code     2  stm32f10x_it.o(.text)
    HardFault_Handler                        0x080052e3   Thumb Code     4  stm32f10x_it.o(.text)
    MemManage_Handler                        0x080052e7   Thumb Code     4  stm32f10x_it.o(.text)
    BusFault_Handler                         0x080052eb   Thumb Code     4  stm32f10x_it.o(.text)
    UsageFault_Handler                       0x080052ef   Thumb Code     4  stm32f10x_it.o(.text)
    SVC_Handler                              0x080052f3   Thumb Code     2  stm32f10x_it.o(.text)
    DebugMon_Handler                         0x080052f5   Thumb Code     2  stm32f10x_it.o(.text)
    PendSV_Handler                           0x080052f7   Thumb Code     2  stm32f10x_it.o(.text)
    SysTick_Handler                          0x080052f9   Thumb Code     2  stm32f10x_it.o(.text)
    SystemInit                               0x080053dd   Thumb Code    78  system_stm32f10x.o(.text)
    SystemCoreClockUpdate                    0x0800542b   Thumb Code   142  system_stm32f10x.o(.text)
    LED_Init                                 0x080054ef   Thumb Code   974  led.o(.text)
    TIM4_Set                                 0x080058bd   Thumb Code    34  led.o(.text)
    TIM4_Int_Init                            0x080058df   Thumb Code   160  led.o(.text)
    TIM4_IRQHandler                          0x0800597f   Thumb Code  2312  led.o(.text)
    TIM3_Set                                 0x080062b3   Thumb Code    34  timer.o(.text)
    TIM3_Int_Init                            0x080062d5   Thumb Code    98  timer.o(.text)
    TIM3_IRQHandler                          0x08006337   Thumb Code    44  timer.o(.text)
    KEY_Init                                 0x0800638d   Thumb Code    40  key.o(.text)
    KEY_Scan                                 0x080063b5   Thumb Code   110  key.o(.text)
    KEY_close_Scan                           0x08006423   Thumb Code    66  key.o(.text)
    KEY_open_Scan                            0x08006465   Thumb Code    74  key.o(.text)
    KEY_Init1                                0x080064af   Thumb Code   212  key.o(.text)
    KEY_DeInit                               0x08006583   Thumb Code   162  key.o(.text)
    KEY_GetStatus                            0x08006625   Thumb Code    22  key.o(.text)
    KEY_SetPressCallback                     0x0800663b   Thumb Code     8  key.o(.text)
    TIM2_IRQHandler                          0x08006643   Thumb Code   238  key.o(.text)
    EXTIX_Init                               0x08006787   Thumb Code    80  exti.o(.text)
    EXTI9_5_IRQHandler                       0x080067d7   Thumb Code    56  exti.o(.text)
    delay_init                               0x0800683d   Thumb Code    50  delay.o(.text)
    delay_us                                 0x0800686f   Thumb Code    72  delay.o(.text)
    delay_ms                                 0x080068b7   Thumb Code    72  delay.o(.text)
    _sys_exit                                0x08006911   Thumb Code     6  usart.o(.text)
    Usart_SendByte                           0x08006917   Thumb Code    30  usart.o(.text)
    Usart_SendArray                          0x08006935   Thumb Code    48  usart.o(.text)
    Usart_SendString                         0x08006965   Thumb Code    42  usart.o(.text)
    Usart_SendHalfWord                       0x0800698f   Thumb Code    60  usart.o(.text)
    fputc                                    0x080069cb   Thumb Code    32  usart.o(.text)
    fgetc                                    0x080069eb   Thumb Code    26  usart.o(.text)
    SdkEvalComIOConfig                       0x08006a05   Thumb Code   160  usart.o(.text)
    SdkEvalComIOReceiveData                  0x08006aa5   Thumb Code    24  usart.o(.text)
    USART1_IRQHandler                        0x08006abd   Thumb Code   248  usart.o(.text)
    Reset_Handler                            0x08006c3d   Thumb Code     8  startup_stm32f10x_md.o(.text)
    ADC1_2_IRQHandler                        0x08006c57   Thumb Code     0  startup_stm32f10x_md.o(.text)
    CAN1_RX1_IRQHandler                      0x08006c57   Thumb Code     0  startup_stm32f10x_md.o(.text)
    CAN1_SCE_IRQHandler                      0x08006c57   Thumb Code     0  startup_stm32f10x_md.o(.text)
    DMA1_Channel1_IRQHandler                 0x08006c57   Thumb Code     0  startup_stm32f10x_md.o(.text)
    DMA1_Channel2_IRQHandler                 0x08006c57   Thumb Code     0  startup_stm32f10x_md.o(.text)
    DMA1_Channel3_IRQHandler                 0x08006c57   Thumb Code     0  startup_stm32f10x_md.o(.text)
    DMA1_Channel4_IRQHandler                 0x08006c57   Thumb Code     0  startup_stm32f10x_md.o(.text)
    DMA1_Channel5_IRQHandler                 0x08006c57   Thumb Code     0  startup_stm32f10x_md.o(.text)
    DMA1_Channel6_IRQHandler                 0x08006c57   Thumb Code     0  startup_stm32f10x_md.o(.text)
    DMA1_Channel7_IRQHandler                 0x08006c57   Thumb Code     0  startup_stm32f10x_md.o(.text)
    EXTI0_IRQHandler                         0x08006c57   Thumb Code     0  startup_stm32f10x_md.o(.text)
    EXTI15_10_IRQHandler                     0x08006c57   Thumb Code     0  startup_stm32f10x_md.o(.text)
    EXTI1_IRQHandler                         0x08006c57   Thumb Code     0  startup_stm32f10x_md.o(.text)
    EXTI2_IRQHandler                         0x08006c57   Thumb Code     0  startup_stm32f10x_md.o(.text)
    EXTI3_IRQHandler                         0x08006c57   Thumb Code     0  startup_stm32f10x_md.o(.text)
    EXTI4_IRQHandler                         0x08006c57   Thumb Code     0  startup_stm32f10x_md.o(.text)
    FLASH_IRQHandler                         0x08006c57   Thumb Code     0  startup_stm32f10x_md.o(.text)
    I2C1_ER_IRQHandler                       0x08006c57   Thumb Code     0  startup_stm32f10x_md.o(.text)
    I2C1_EV_IRQHandler                       0x08006c57   Thumb Code     0  startup_stm32f10x_md.o(.text)
    I2C2_ER_IRQHandler                       0x08006c57   Thumb Code     0  startup_stm32f10x_md.o(.text)
    I2C2_EV_IRQHandler                       0x08006c57   Thumb Code     0  startup_stm32f10x_md.o(.text)
    PVD_IRQHandler                           0x08006c57   Thumb Code     0  startup_stm32f10x_md.o(.text)
    RCC_IRQHandler                           0x08006c57   Thumb Code     0  startup_stm32f10x_md.o(.text)
    RTCAlarm_IRQHandler                      0x08006c57   Thumb Code     0  startup_stm32f10x_md.o(.text)
    RTC_IRQHandler                           0x08006c57   Thumb Code     0  startup_stm32f10x_md.o(.text)
    SPI1_IRQHandler                          0x08006c57   Thumb Code     0  startup_stm32f10x_md.o(.text)
    SPI2_IRQHandler                          0x08006c57   Thumb Code     0  startup_stm32f10x_md.o(.text)
    TAMPER_IRQHandler                        0x08006c57   Thumb Code     0  startup_stm32f10x_md.o(.text)
    TIM1_BRK_IRQHandler                      0x08006c57   Thumb Code     0  startup_stm32f10x_md.o(.text)
    TIM1_CC_IRQHandler                       0x08006c57   Thumb Code     0  startup_stm32f10x_md.o(.text)
    TIM1_TRG_COM_IRQHandler                  0x08006c57   Thumb Code     0  startup_stm32f10x_md.o(.text)
    TIM1_UP_IRQHandler                       0x08006c57   Thumb Code     0  startup_stm32f10x_md.o(.text)
    USART2_IRQHandler                        0x08006c57   Thumb Code     0  startup_stm32f10x_md.o(.text)
    USART3_IRQHandler                        0x08006c57   Thumb Code     0  startup_stm32f10x_md.o(.text)
    USBWakeUp_IRQHandler                     0x08006c57   Thumb Code     0  startup_stm32f10x_md.o(.text)
    USB_HP_CAN1_TX_IRQHandler                0x08006c57   Thumb Code     0  startup_stm32f10x_md.o(.text)
    USB_LP_CAN1_RX0_IRQHandler               0x08006c57   Thumb Code     0  startup_stm32f10x_md.o(.text)
    WWDG_IRQHandler                          0x08006c57   Thumb Code     0  startup_stm32f10x_md.o(.text)
    GPIO_DeInit                              0x08006c61   Thumb Code   172  stm32f10x_gpio.o(.text)
    GPIO_AFIODeInit                          0x08006d0d   Thumb Code    20  stm32f10x_gpio.o(.text)
    GPIO_Init                                0x08006d21   Thumb Code   278  stm32f10x_gpio.o(.text)
    GPIO_StructInit                          0x08006e37   Thumb Code    16  stm32f10x_gpio.o(.text)
    GPIO_ReadInputDataBit                    0x08006e47   Thumb Code    18  stm32f10x_gpio.o(.text)
    GPIO_ReadInputData                       0x08006e59   Thumb Code     8  stm32f10x_gpio.o(.text)
    GPIO_ReadOutputDataBit                   0x08006e61   Thumb Code    18  stm32f10x_gpio.o(.text)
    GPIO_ReadOutputData                      0x08006e73   Thumb Code     8  stm32f10x_gpio.o(.text)
    GPIO_SetBits                             0x08006e7b   Thumb Code     4  stm32f10x_gpio.o(.text)
    GPIO_ResetBits                           0x08006e7f   Thumb Code     4  stm32f10x_gpio.o(.text)
    GPIO_WriteBit                            0x08006e83   Thumb Code    10  stm32f10x_gpio.o(.text)
    GPIO_Write                               0x08006e8d   Thumb Code     4  stm32f10x_gpio.o(.text)
    GPIO_PinLockConfig                       0x08006e91   Thumb Code    18  stm32f10x_gpio.o(.text)
    GPIO_EventOutputConfig                   0x08006ea3   Thumb Code    26  stm32f10x_gpio.o(.text)
    GPIO_EventOutputCmd                      0x08006ebd   Thumb Code     6  stm32f10x_gpio.o(.text)
    GPIO_PinRemapConfig                      0x08006ec3   Thumb Code   138  stm32f10x_gpio.o(.text)
    GPIO_EXTILineConfig                      0x08006f4d   Thumb Code    66  stm32f10x_gpio.o(.text)
    GPIO_ETH_MediaInterfaceConfig            0x08006f8f   Thumb Code     8  stm32f10x_gpio.o(.text)
    RCC_DeInit                               0x08006fbd   Thumb Code    64  stm32f10x_rcc.o(.text)
    RCC_HSEConfig                            0x08006ffd   Thumb Code    70  stm32f10x_rcc.o(.text)
    RCC_GetFlagStatus                        0x08007043   Thumb Code    56  stm32f10x_rcc.o(.text)
    RCC_WaitForHSEStartUp                    0x0800707b   Thumb Code    58  stm32f10x_rcc.o(.text)
    RCC_AdjustHSICalibrationValue            0x080070b5   Thumb Code    20  stm32f10x_rcc.o(.text)
    RCC_HSICmd                               0x080070c9   Thumb Code     6  stm32f10x_rcc.o(.text)
    RCC_PLLConfig                            0x080070cf   Thumb Code    24  stm32f10x_rcc.o(.text)
    RCC_PLLCmd                               0x080070e7   Thumb Code     6  stm32f10x_rcc.o(.text)
    RCC_SYSCLKConfig                         0x080070ed   Thumb Code    18  stm32f10x_rcc.o(.text)
    RCC_GetSYSCLKSource                      0x080070ff   Thumb Code    10  stm32f10x_rcc.o(.text)
    RCC_HCLKConfig                           0x08007109   Thumb Code    18  stm32f10x_rcc.o(.text)
    RCC_PCLK1Config                          0x0800711b   Thumb Code    18  stm32f10x_rcc.o(.text)
    RCC_PCLK2Config                          0x0800712d   Thumb Code    20  stm32f10x_rcc.o(.text)
    RCC_ITConfig                             0x08007141   Thumb Code    26  stm32f10x_rcc.o(.text)
    RCC_USBCLKConfig                         0x0800715b   Thumb Code     8  stm32f10x_rcc.o(.text)
    RCC_ADCCLKConfig                         0x08007163   Thumb Code    18  stm32f10x_rcc.o(.text)
    RCC_LSEConfig                            0x08007175   Thumb Code    50  stm32f10x_rcc.o(.text)
    RCC_LSICmd                               0x080071a7   Thumb Code     6  stm32f10x_rcc.o(.text)
    RCC_RTCCLKConfig                         0x080071ad   Thumb Code    12  stm32f10x_rcc.o(.text)
    RCC_RTCCLKCmd                            0x080071b9   Thumb Code     8  stm32f10x_rcc.o(.text)
    RCC_GetClocksFreq                        0x080071c1   Thumb Code   192  stm32f10x_rcc.o(.text)
    RCC_AHBPeriphClockCmd                    0x08007281   Thumb Code    26  stm32f10x_rcc.o(.text)
    RCC_APB2PeriphClockCmd                   0x0800729b   Thumb Code    26  stm32f10x_rcc.o(.text)
    RCC_APB1PeriphClockCmd                   0x080072b5   Thumb Code    26  stm32f10x_rcc.o(.text)
    RCC_APB2PeriphResetCmd                   0x080072cf   Thumb Code    26  stm32f10x_rcc.o(.text)
    RCC_APB1PeriphResetCmd                   0x080072e9   Thumb Code    26  stm32f10x_rcc.o(.text)
    RCC_BackupResetCmd                       0x08007303   Thumb Code     8  stm32f10x_rcc.o(.text)
    RCC_ClockSecuritySystemCmd               0x0800730b   Thumb Code     6  stm32f10x_rcc.o(.text)
    RCC_MCOConfig                            0x08007311   Thumb Code     6  stm32f10x_rcc.o(.text)
    RCC_ClearFlag                            0x08007317   Thumb Code    14  stm32f10x_rcc.o(.text)
    RCC_GetITStatus                          0x08007325   Thumb Code    20  stm32f10x_rcc.o(.text)
    RCC_ClearITPendingBit                    0x08007339   Thumb Code     6  stm32f10x_rcc.o(.text)
    USART_DeInit                             0x08007365   Thumb Code   134  stm32f10x_usart.o(.text)
    USART_Init                               0x080073eb   Thumb Code   210  stm32f10x_usart.o(.text)
    USART_StructInit                         0x080074bd   Thumb Code    24  stm32f10x_usart.o(.text)
    USART_ClockInit                          0x080074d5   Thumb Code    34  stm32f10x_usart.o(.text)
    USART_ClockStructInit                    0x080074f7   Thumb Code    12  stm32f10x_usart.o(.text)
    USART_Cmd                                0x08007503   Thumb Code    24  stm32f10x_usart.o(.text)
    USART_ITConfig                           0x0800751b   Thumb Code    74  stm32f10x_usart.o(.text)
    USART_DMACmd                             0x08007565   Thumb Code    18  stm32f10x_usart.o(.text)
    USART_SetAddress                         0x08007577   Thumb Code    18  stm32f10x_usart.o(.text)
    USART_WakeUpConfig                       0x08007589   Thumb Code    18  stm32f10x_usart.o(.text)
    USART_ReceiverWakeUpCmd                  0x0800759b   Thumb Code    24  stm32f10x_usart.o(.text)
    USART_LINBreakDetectLengthConfig         0x080075b3   Thumb Code    18  stm32f10x_usart.o(.text)
    USART_LINCmd                             0x080075c5   Thumb Code    24  stm32f10x_usart.o(.text)
    USART_SendData                           0x080075dd   Thumb Code     8  stm32f10x_usart.o(.text)
    USART_ReceiveData                        0x080075e5   Thumb Code    10  stm32f10x_usart.o(.text)
    USART_SendBreak                          0x080075ef   Thumb Code    10  stm32f10x_usart.o(.text)
    USART_SetGuardTime                       0x080075f9   Thumb Code    16  stm32f10x_usart.o(.text)
    USART_SetPrescaler                       0x08007609   Thumb Code    16  stm32f10x_usart.o(.text)
    USART_SmartCardCmd                       0x08007619   Thumb Code    24  stm32f10x_usart.o(.text)
    USART_SmartCardNACKCmd                   0x08007631   Thumb Code    24  stm32f10x_usart.o(.text)
    USART_HalfDuplexCmd                      0x08007649   Thumb Code    24  stm32f10x_usart.o(.text)
    USART_OverSampling8Cmd                   0x08007661   Thumb Code    22  stm32f10x_usart.o(.text)
    USART_OneBitMethodCmd                    0x08007677   Thumb Code    24  stm32f10x_usart.o(.text)
    USART_IrDAConfig                         0x0800768f   Thumb Code    18  stm32f10x_usart.o(.text)
    USART_IrDACmd                            0x080076a1   Thumb Code    24  stm32f10x_usart.o(.text)
    USART_GetFlagStatus                      0x080076b9   Thumb Code    26  stm32f10x_usart.o(.text)
    USART_ClearFlag                          0x080076d3   Thumb Code    18  stm32f10x_usart.o(.text)
    USART_GetITStatus                        0x080076e5   Thumb Code    84  stm32f10x_usart.o(.text)
    USART_ClearITPendingBit                  0x08007739   Thumb Code    52  stm32f10x_usart.o(.text)
    NVIC_PriorityGroupConfig                 0x0800776d   Thumb Code    10  misc.o(.text)
    NVIC_Init                                0x08007777   Thumb Code   100  misc.o(.text)
    NVIC_SetVectorTable                      0x080077db   Thumb Code    14  misc.o(.text)
    NVIC_SystemLPConfig                      0x080077e9   Thumb Code    34  misc.o(.text)
    SysTick_CLKSourceConfig                  0x0800780b   Thumb Code    40  misc.o(.text)
    TIM_DeInit                               0x08007849   Thumb Code   424  stm32f10x_tim.o(.text)
    TIM_TimeBaseInit                         0x080079f1   Thumb Code   122  stm32f10x_tim.o(.text)
    TIM_OC1Init                              0x08007a6b   Thumb Code   132  stm32f10x_tim.o(.text)
    TIM_OC2Init                              0x08007aef   Thumb Code   154  stm32f10x_tim.o(.text)
    TIM_OC3Init                              0x08007b89   Thumb Code   150  stm32f10x_tim.o(.text)
    TIM_OC4Init                              0x08007c1f   Thumb Code   182  stm32f10x_tim.o(.text)
    TIM_SetIC4Prescaler                      0x08007cd5   Thumb Code    26  stm32f10x_tim.o(.text)
    TIM_SetIC3Prescaler                      0x08007d71   Thumb Code    18  stm32f10x_tim.o(.text)
    TIM_SetIC2Prescaler                      0x08007dfd   Thumb Code    26  stm32f10x_tim.o(.text)
    TIM_SetIC1Prescaler                      0x08007e99   Thumb Code    18  stm32f10x_tim.o(.text)
    TIM_ICInit                               0x08007f17   Thumb Code   150  stm32f10x_tim.o(.text)
    TIM_PWMIConfig                           0x08007fad   Thumb Code   124  stm32f10x_tim.o(.text)
    TIM_BDTRConfig                           0x08008029   Thumb Code    32  stm32f10x_tim.o(.text)
    TIM_TimeBaseStructInit                   0x08008049   Thumb Code    18  stm32f10x_tim.o(.text)
    TIM_OCStructInit                         0x0800805b   Thumb Code    20  stm32f10x_tim.o(.text)
    TIM_ICStructInit                         0x0800806f   Thumb Code    18  stm32f10x_tim.o(.text)
    TIM_BDTRStructInit                       0x08008081   Thumb Code    40  stm32f10x_tim.o(.text)
    TIM_Cmd                                  0x080080a9   Thumb Code    24  stm32f10x_tim.o(.text)
    TIM_CtrlPWMOutputs                       0x080080c1   Thumb Code    30  stm32f10x_tim.o(.text)
    TIM_ITConfig                             0x080080df   Thumb Code    18  stm32f10x_tim.o(.text)
    TIM_GenerateEvent                        0x080080f1   Thumb Code     4  stm32f10x_tim.o(.text)
    TIM_DMAConfig                            0x080080f5   Thumb Code    10  stm32f10x_tim.o(.text)
    TIM_DMACmd                               0x080080ff   Thumb Code    18  stm32f10x_tim.o(.text)
    TIM_InternalClockConfig                  0x08008111   Thumb Code    12  stm32f10x_tim.o(.text)
    TIM_SelectInputTrigger                   0x0800811d   Thumb Code    18  stm32f10x_tim.o(.text)
    TIM_ITRxExternalClockConfig              0x0800812f   Thumb Code    24  stm32f10x_tim.o(.text)
    TIM_TIxExternalClockConfig               0x08008147   Thumb Code    62  stm32f10x_tim.o(.text)
    TIM_ETRConfig                            0x08008185   Thumb Code    28  stm32f10x_tim.o(.text)
    TIM_ETRClockMode1Config                  0x080081a1   Thumb Code    54  stm32f10x_tim.o(.text)
    TIM_ETRClockMode2Config                  0x080081d7   Thumb Code    32  stm32f10x_tim.o(.text)
    TIM_PrescalerConfig                      0x080081f7   Thumb Code     6  stm32f10x_tim.o(.text)
    TIM_CounterModeConfig                    0x080081fd   Thumb Code    18  stm32f10x_tim.o(.text)
    TIM_EncoderInterfaceConfig               0x0800820f   Thumb Code    66  stm32f10x_tim.o(.text)
    TIM_ForcedOC1Config                      0x08008251   Thumb Code    18  stm32f10x_tim.o(.text)
    TIM_ForcedOC2Config                      0x08008263   Thumb Code    26  stm32f10x_tim.o(.text)
    TIM_ForcedOC3Config                      0x0800827d   Thumb Code    18  stm32f10x_tim.o(.text)
    TIM_ForcedOC4Config                      0x0800828f   Thumb Code    26  stm32f10x_tim.o(.text)
    TIM_ARRPreloadConfig                     0x080082a9   Thumb Code    24  stm32f10x_tim.o(.text)
    TIM_SelectCOM                            0x080082c1   Thumb Code    24  stm32f10x_tim.o(.text)
    TIM_SelectCCDMA                          0x080082d9   Thumb Code    24  stm32f10x_tim.o(.text)
    TIM_CCPreloadControl                     0x080082f1   Thumb Code    24  stm32f10x_tim.o(.text)
    TIM_OC1PreloadConfig                     0x08008309   Thumb Code    18  stm32f10x_tim.o(.text)
    TIM_OC2PreloadConfig                     0x0800831b   Thumb Code    26  stm32f10x_tim.o(.text)
    TIM_OC3PreloadConfig                     0x08008335   Thumb Code    18  stm32f10x_tim.o(.text)
    TIM_OC4PreloadConfig                     0x08008347   Thumb Code    26  stm32f10x_tim.o(.text)
    TIM_OC1FastConfig                        0x08008361   Thumb Code    18  stm32f10x_tim.o(.text)
    TIM_OC2FastConfig                        0x08008373   Thumb Code    26  stm32f10x_tim.o(.text)
    TIM_OC3FastConfig                        0x0800838d   Thumb Code    18  stm32f10x_tim.o(.text)
    TIM_OC4FastConfig                        0x0800839f   Thumb Code    26  stm32f10x_tim.o(.text)
    TIM_ClearOC1Ref                          0x080083b9   Thumb Code    18  stm32f10x_tim.o(.text)
    TIM_ClearOC2Ref                          0x080083cb   Thumb Code    24  stm32f10x_tim.o(.text)
    TIM_ClearOC3Ref                          0x080083e3   Thumb Code    18  stm32f10x_tim.o(.text)
    TIM_ClearOC4Ref                          0x080083f5   Thumb Code    24  stm32f10x_tim.o(.text)
    TIM_OC1PolarityConfig                    0x0800840d   Thumb Code    18  stm32f10x_tim.o(.text)
    TIM_OC1NPolarityConfig                   0x0800841f   Thumb Code    18  stm32f10x_tim.o(.text)
    TIM_OC2PolarityConfig                    0x08008431   Thumb Code    26  stm32f10x_tim.o(.text)
    TIM_OC2NPolarityConfig                   0x0800844b   Thumb Code    26  stm32f10x_tim.o(.text)
    TIM_OC3PolarityConfig                    0x08008465   Thumb Code    26  stm32f10x_tim.o(.text)
    TIM_OC3NPolarityConfig                   0x0800847f   Thumb Code    26  stm32f10x_tim.o(.text)
    TIM_OC4PolarityConfig                    0x08008499   Thumb Code    26  stm32f10x_tim.o(.text)
    TIM_CCxCmd                               0x080084b3   Thumb Code    30  stm32f10x_tim.o(.text)
    TIM_CCxNCmd                              0x080084d1   Thumb Code    30  stm32f10x_tim.o(.text)
    TIM_SelectOCxM                           0x080084ef   Thumb Code    82  stm32f10x_tim.o(.text)
    TIM_UpdateDisableConfig                  0x08008541   Thumb Code    24  stm32f10x_tim.o(.text)
    TIM_UpdateRequestConfig                  0x08008559   Thumb Code    24  stm32f10x_tim.o(.text)
    TIM_SelectHallSensor                     0x08008571   Thumb Code    24  stm32f10x_tim.o(.text)
    TIM_SelectOnePulseMode                   0x08008589   Thumb Code    18  stm32f10x_tim.o(.text)
    TIM_SelectOutputTrigger                  0x0800859b   Thumb Code    18  stm32f10x_tim.o(.text)
    TIM_SelectSlaveMode                      0x080085ad   Thumb Code    18  stm32f10x_tim.o(.text)
    TIM_SelectMasterSlaveMode                0x080085bf   Thumb Code    18  stm32f10x_tim.o(.text)
    TIM_SetCounter                           0x080085d1   Thumb Code     4  stm32f10x_tim.o(.text)
    TIM_SetAutoreload                        0x080085d5   Thumb Code     4  stm32f10x_tim.o(.text)
    TIM_SetCompare1                          0x080085d9   Thumb Code     4  stm32f10x_tim.o(.text)
    TIM_SetCompare2                          0x080085dd   Thumb Code     4  stm32f10x_tim.o(.text)
    TIM_SetCompare3                          0x080085e1   Thumb Code     4  stm32f10x_tim.o(.text)
    TIM_SetCompare4                          0x080085e5   Thumb Code     6  stm32f10x_tim.o(.text)
    TIM_SetClockDivision                     0x080085eb   Thumb Code    18  stm32f10x_tim.o(.text)
    TIM_GetCapture1                          0x080085fd   Thumb Code     6  stm32f10x_tim.o(.text)
    TIM_GetCapture2                          0x08008603   Thumb Code     6  stm32f10x_tim.o(.text)
    TIM_GetCapture3                          0x08008609   Thumb Code     6  stm32f10x_tim.o(.text)
    TIM_GetCapture4                          0x0800860f   Thumb Code     8  stm32f10x_tim.o(.text)
    TIM_GetCounter                           0x08008617   Thumb Code     6  stm32f10x_tim.o(.text)
    TIM_GetPrescaler                         0x0800861d   Thumb Code     6  stm32f10x_tim.o(.text)
    TIM_GetFlagStatus                        0x08008623   Thumb Code    18  stm32f10x_tim.o(.text)
    TIM_ClearFlag                            0x08008635   Thumb Code     6  stm32f10x_tim.o(.text)
    TIM_GetITStatus                          0x0800863b   Thumb Code    34  stm32f10x_tim.o(.text)
    TIM_ClearITPendingBit                    0x0800865d   Thumb Code     6  stm32f10x_tim.o(.text)
    EXTI_DeInit                              0x08008665   Thumb Code    28  stm32f10x_exti.o(.text)
    EXTI_Init                                0x08008681   Thumb Code   142  stm32f10x_exti.o(.text)
    EXTI_StructInit                          0x0800870f   Thumb Code    16  stm32f10x_exti.o(.text)
    EXTI_GenerateSWInterrupt                 0x0800871f   Thumb Code    16  stm32f10x_exti.o(.text)
    EXTI_GetFlagStatus                       0x0800872f   Thumb Code    22  stm32f10x_exti.o(.text)
    EXTI_ClearFlag                           0x08008745   Thumb Code     8  stm32f10x_exti.o(.text)
    EXTI_GetITStatus                         0x0800874d   Thumb Code    34  stm32f10x_exti.o(.text)
    EXTI_ClearITPendingBit                   0x0800876f   Thumb Code     8  stm32f10x_exti.o(.text)
    SEGGER_RTT_ReadNoLock                    0x080088c5   Thumb Code   148  segger_rtt.o(.text)
    SEGGER_RTT_Read                          0x08008959   Thumb Code    56  segger_rtt.o(.text)
    SEGGER_RTT_WriteWithOverwriteNoLock      0x08008991   Thumb Code   168  segger_rtt.o(.text)
    SEGGER_RTT_WriteSkipNoLock               0x08008a39   Thumb Code   136  segger_rtt.o(.text)
    SEGGER_RTT_WriteNoLock                   0x08008ac1   Thumb Code   128  segger_rtt.o(.text)
    SEGGER_RTT_Write                         0x08008b41   Thumb Code   110  segger_rtt.o(.text)
    SEGGER_RTT_WriteString                   0x08008baf   Thumb Code    26  segger_rtt.o(.text)
    SEGGER_RTT_PutCharSkipNoLock             0x08008bc9   Thumb Code    50  segger_rtt.o(.text)
    SEGGER_RTT_PutCharSkip                   0x08008bfb   Thumb Code   100  segger_rtt.o(.text)
    SEGGER_RTT_PutChar                       0x08008c5f   Thumb Code   114  segger_rtt.o(.text)
    SEGGER_RTT_GetKey                        0x08008cd1   Thumb Code    32  segger_rtt.o(.text)
    SEGGER_RTT_WaitKey                       0x08008cf1   Thumb Code    14  segger_rtt.o(.text)
    SEGGER_RTT_HasKey                        0x08008cff   Thumb Code    40  segger_rtt.o(.text)
    SEGGER_RTT_HasData                       0x08008d27   Thumb Code    24  segger_rtt.o(.text)
    SEGGER_RTT_HasDataUp                     0x08008d3f   Thumb Code    22  segger_rtt.o(.text)
    SEGGER_RTT_AllocDownBuffer               0x08008d55   Thumb Code   194  segger_rtt.o(.text)
    SEGGER_RTT_AllocUpBuffer                 0x08008e17   Thumb Code   182  segger_rtt.o(.text)
    SEGGER_RTT_ConfigUpBuffer                0x08008ecd   Thumb Code   158  segger_rtt.o(.text)
    SEGGER_RTT_ConfigDownBuffer              0x08008f6b   Thumb Code   170  segger_rtt.o(.text)
    SEGGER_RTT_SetNameUpBuffer               0x08009015   Thumb Code    82  segger_rtt.o(.text)
    SEGGER_RTT_SetNameDownBuffer             0x08009067   Thumb Code    80  segger_rtt.o(.text)
    SEGGER_RTT_SetFlagsUpBuffer              0x080090b7   Thumb Code    84  segger_rtt.o(.text)
    SEGGER_RTT_SetFlagsDownBuffer            0x0800910b   Thumb Code    82  segger_rtt.o(.text)
    SEGGER_RTT_Init                          0x0800915d   Thumb Code     8  segger_rtt.o(.text)
    SEGGER_RTT_SetTerminal                   0x08009165   Thumb Code   144  segger_rtt.o(.text)
    SEGGER_RTT_TerminalOut                   0x080091f5   Thumb Code   248  segger_rtt.o(.text)
    SEGGER_RTT_vprintf                       0x0800950f   Thumb Code   522  segger_rtt_printf.o(.text)
    SEGGER_RTT_printf                        0x08009719   Thumb Code    34  segger_rtt_printf.o(.text)
    __aeabi_memcpy                           0x08009741   Thumb Code    36  memcpya.o(.text)
    __aeabi_memcpy4                          0x08009741   Thumb Code     0  memcpya.o(.text)
    __aeabi_memcpy8                          0x08009741   Thumb Code     0  memcpya.o(.text)
    __aeabi_memset                           0x08009765   Thumb Code    14  memseta.o(.text)
    __aeabi_memset4                          0x08009765   Thumb Code     0  memseta.o(.text)
    __aeabi_memset8                          0x08009765   Thumb Code     0  memseta.o(.text)
    __aeabi_memclr                           0x08009773   Thumb Code     4  memseta.o(.text)
    __aeabi_memclr4                          0x08009773   Thumb Code     0  memseta.o(.text)
    __aeabi_memclr8                          0x08009773   Thumb Code     0  memseta.o(.text)
    _memset$wrapper                          0x08009777   Thumb Code    18  memseta.o(.text)
    strlen                                   0x08009789   Thumb Code    14  strlen.o(.text)
    strcpy                                   0x08009797   Thumb Code    18  strcpy.o(.text)
    __aeabi_uidiv                            0x080097a9   Thumb Code     0  uidiv.o(.text)
    __aeabi_uidivmod                         0x080097a9   Thumb Code    44  uidiv.o(.text)
    __aeabi_uldivmod                         0x080097d5   Thumb Code    98  uldiv.o(.text)
    __I$use$fp                               0x08009837   Thumb Code     0  iusefp.o(.text)
    __aeabi_dadd                             0x08009837   Thumb Code   322  dadd.o(.text)
    __aeabi_dsub                             0x08009979   Thumb Code     6  dadd.o(.text)
    __aeabi_drsub                            0x0800997f   Thumb Code     6  dadd.o(.text)
    __aeabi_dmul                             0x08009985   Thumb Code   228  dmul.o(.text)
    __aeabi_ddiv                             0x08009a69   Thumb Code   222  ddiv.o(.text)
    __aeabi_d2ulz                            0x08009b47   Thumb Code    48  dfixul.o(.text)
    __aeabi_cdrcmple                         0x08009b79   Thumb Code    48  cdrcmple.o(.text)
    __scatterload                            0x08009ba9   Thumb Code    28  init.o(.text)
    __scatterload_rt2                        0x08009ba9   Thumb Code     0  init.o(.text)
    __aeabi_llsl                             0x08009bcd   Thumb Code    30  llshl.o(.text)
    _ll_shift_l                              0x08009bcd   Thumb Code     0  llshl.o(.text)
    __aeabi_llsr                             0x08009beb   Thumb Code    32  llushr.o(.text)
    _ll_ushift_r                             0x08009beb   Thumb Code     0  llushr.o(.text)
    __aeabi_lasr                             0x08009c0b   Thumb Code    36  llsshr.o(.text)
    _ll_sshift_r                             0x08009c0b   Thumb Code     0  llsshr.o(.text)
    _double_round                            0x08009c2f   Thumb Code    30  depilogue.o(.text)
    _double_epilogue                         0x08009c4d   Thumb Code   156  depilogue.o(.text)
    __0printf$5                              0x08009ce9   Thumb Code    22  printf5.o(i.__0printf$5)
    __1printf$5                              0x08009ce9   Thumb Code     0  printf5.o(i.__0printf$5)
    __2printf                                0x08009ce9   Thumb Code     0  printf5.o(i.__0printf$5)
    __0vsnprintf                             0x08009d09   Thumb Code    40  printfa.o(i.__0vsnprintf)
    __1vsnprintf                             0x08009d09   Thumb Code     0  printfa.o(i.__0vsnprintf)
    __2vsnprintf                             0x08009d09   Thumb Code     0  printfa.o(i.__0vsnprintf)
    __c89vsnprintf                           0x08009d09   Thumb Code     0  printfa.o(i.__0vsnprintf)
    vsnprintf                                0x08009d09   Thumb Code     0  printfa.o(i.__0vsnprintf)
    __scatterload_copy                       0x08009d35   Thumb Code    14  handlers.o(i.__scatterload_copy)
    __scatterload_null                       0x08009d43   Thumb Code     2  handlers.o(i.__scatterload_null)
    __scatterload_zeroinit                   0x08009d45   Thumb Code    14  handlers.o(i.__scatterload_zeroinit)
    Region$$Table$$Base                      0x0800a930   Number         0  anon$$obj.o(Region$$Table)
    Region$$Table$$Limit                     0x0800a950   Number         0  anon$$obj.o(Region$$Table)
    m_data                                   0x20000000   Data           5  main.o(.data)
    mode_nomal                               0x20000018   Data           1  main.o(.data)
    key1_flag                                0x20000019   Data           1  main.o(.data)
    key2_flag                                0x2000001a   Data           1  main.o(.data)
    key3_flag                                0x2000001b   Data           1  main.o(.data)
    key4_flag                                0x2000001c   Data           1  main.o(.data)
    key5_flag                                0x2000001d   Data           1  main.o(.data)
    key6_flag                                0x2000001e   Data           1  main.o(.data)
    key7_flag                                0x2000001f   Data           1  main.o(.data)
    key8_flag                                0x20000020   Data           1  main.o(.data)
    key9_flag                                0x20000021   Data           1  main.o(.data)
    key10_flag                               0x20000022   Data           1  main.o(.data)
    key11_flag                               0x20000023   Data           1  main.o(.data)
    key12_flag                               0x20000024   Data           1  main.o(.data)
    key13_flag                               0x20000025   Data           1  main.o(.data)
    key14_flag                               0x20000026   Data           1  main.o(.data)
    key15_flag                               0x20000027   Data           1  main.o(.data)
    key16_flag                               0x20000028   Data           1  main.o(.data)
    key17_flag                               0x20000029   Data           1  main.o(.data)
    key18_flag                               0x2000002a   Data           1  main.o(.data)
    key19_flag                               0x2000002b   Data           1  main.o(.data)
    key20_flag                               0x2000002c   Data           1  main.o(.data)
    key21_flag                               0x2000002d   Data           1  main.o(.data)
    key22_flag                               0x2000002e   Data           1  main.o(.data)
    key23_flag                               0x2000002f   Data           1  main.o(.data)
    key24_flag                               0x20000030   Data           1  main.o(.data)
    key_mode                                 0x20000031   Data           1  main.o(.data)
    SystemCoreClock                          0x20000034   Data           4  system_stm32f10x.o(.data)
    AHBPrescTable                            0x20000038   Data          16  system_stm32f10x.o(.data)
    lock_channel                             0x20000048   Data           1  led.o(.data)
    lock_channel_mode2                       0x20000049   Data           1  led.o(.data)
    key_Level                                0x2000004c   Data           1  key.o(.data)
    lock_jiance_flag                         0x2000007f   Data           1  exti.o(.data)
    __stdout                                 0x20000084   Data           4  usart.o(.data)
    USART_RX_STA                             0x20000088   Data           2  usart.o(.data)
    usart1_recv_cb                           0x20000090   Data           4  usart.o(.data)
    Uart1_Rx                                 0x20000094   Data           1  usart.o(.data)
    Uart1_Sta                                0x20000095   Data           1  usart.o(.data)
    Uart1_index_flag                         0x20000096   Data           1  usart.o(.data)
    Uart1_index_flag_end                     0x20000097   Data           1  usart.o(.data)
    index_flag1                              0x20000098   Data           1  usart.o(.data)
    index_flag4                              0x20000099   Data           1  usart.o(.data)
    recstatu                                 0x2000009a   Data           1  usart.o(.data)
    packerflag                               0x2000009b   Data           1  usart.o(.data)
    USART_RX_BUF                             0x200000e8   Data         200  usart.o(.bss)
    Uart1_Buffer                             0x200001b0   Data         256  usart.o(.bss)
    _SEGGER_RTT                              0x200002b0   Data         168  segger_rtt.o(.bss)
    __initial_sp                             0x20000b68   Data           0  startup_stm32f10x_md.o(STACK)



==============================================================================

Memory Map of the image

  Image Entry point : 0x080000ed

  Load Region LR_IROM1 (Base: 0x08000000, Size: 0x0000aa14, Max: 0x00020000, ABSOLUTE)

    Execution Region ER_IROM1 (Exec base: 0x08000000, Load base: 0x08000000, Size: 0x0000a950, Max: 0x00020000, ABSOLUTE)

    Exec Addr    Load Addr    Size         Type   Attr      Idx    E Section Name        Object

    0x08000000   0x08000000   0x000000ec   Data   RO          355    RESET               startup_stm32f10x_md.o
    0x080000ec   0x080000ec   0x00000000   Code   RO          473  * .ARM.Collect$$$$00000000  mc_w.l(entry.o)
    0x080000ec   0x080000ec   0x00000004   Code   RO          747    .ARM.Collect$$$$00000001  mc_w.l(entry2.o)
    0x080000f0   0x080000f0   0x00000004   Code   RO          750    .ARM.Collect$$$$00000004  mc_w.l(entry5.o)
    0x080000f4   0x080000f4   0x00000000   Code   RO          752    .ARM.Collect$$$$00000008  mc_w.l(entry7b.o)
    0x080000f4   0x080000f4   0x00000000   Code   RO          754    .ARM.Collect$$$$0000000A  mc_w.l(entry8b.o)
    0x080000f4   0x080000f4   0x00000008   Code   RO          755    .ARM.Collect$$$$0000000B  mc_w.l(entry9a.o)
    0x080000fc   0x080000fc   0x00000000   Code   RO          757    .ARM.Collect$$$$0000000D  mc_w.l(entry10a.o)
    0x080000fc   0x080000fc   0x00000000   Code   RO          759    .ARM.Collect$$$$0000000F  mc_w.l(entry11a.o)
    0x080000fc   0x080000fc   0x00000004   Code   RO          748    .ARM.Collect$$$$00002712  mc_w.l(entry2.o)
    0x08000100   0x08000100   0x000051e0   Code   RO            1    .text               main.o
    0x080052e0   0x080052e0   0x0000001a   Code   RO          152    .text               stm32f10x_it.o
    0x080052fa   0x080052fa   0x00000002   PAD
    0x080052fc   0x080052fc   0x000001e0   Code   RO          193    .text               system_stm32f10x.o
    0x080054dc   0x080054dc   0x00000dc4   Code   RO          211    .text               led.o
    0x080062a0   0x080062a0   0x000000ec   Code   RO          233    .text               timer.o
    0x0800638c   0x0800638c   0x000003e8   Code   RO          245    .text               key.o
    0x08006774   0x08006774   0x000000c8   Code   RO          267    .text               exti.o
    0x0800683c   0x0800683c   0x000000d4   Code   RO          289    .text               delay.o
    0x08006910   0x08006910   0x0000032c   Code   RO          320    .text               usart.o
    0x08006c3c   0x08006c3c   0x00000024   Code   RO          356    .text               startup_stm32f10x_md.o
    0x08006c60   0x08006c60   0x0000035c   Code   RO          360    .text               stm32f10x_gpio.o
    0x08006fbc   0x08006fbc   0x000003a8   Code   RO          372    .text               stm32f10x_rcc.o
    0x08007364   0x08007364   0x00000408   Code   RO          386    .text               stm32f10x_usart.o
    0x0800776c   0x0800776c   0x000000dc   Code   RO          398    .text               misc.o
    0x08007848   0x08007848   0x00000e1a   Code   RO          410    .text               stm32f10x_tim.o
    0x08008662   0x08008662   0x00000002   PAD
    0x08008664   0x08008664   0x0000011c   Code   RO          422    .text               stm32f10x_exti.o
    0x08008780   0x08008780   0x00000b78   Code   RO          434    .text               segger_rtt.o
    0x080092f8   0x080092f8   0x00000448   Code   RO          456    .text               segger_rtt_printf.o
    0x08009740   0x08009740   0x00000024   Code   RO          476    .text               mc_w.l(memcpya.o)
    0x08009764   0x08009764   0x00000024   Code   RO          478    .text               mc_w.l(memseta.o)
    0x08009788   0x08009788   0x0000000e   Code   RO          480    .text               mc_w.l(strlen.o)
    0x08009796   0x08009796   0x00000012   Code   RO          482    .text               mc_w.l(strcpy.o)
    0x080097a8   0x080097a8   0x0000002c   Code   RO          761    .text               mc_w.l(uidiv.o)
    0x080097d4   0x080097d4   0x00000062   Code   RO          763    .text               mc_w.l(uldiv.o)
    0x08009836   0x08009836   0x00000000   Code   RO          765    .text               mc_w.l(iusefp.o)
    0x08009836   0x08009836   0x0000014e   Code   RO          766    .text               mf_w.l(dadd.o)
    0x08009984   0x08009984   0x000000e4   Code   RO          768    .text               mf_w.l(dmul.o)
    0x08009a68   0x08009a68   0x000000de   Code   RO          770    .text               mf_w.l(ddiv.o)
    0x08009b46   0x08009b46   0x00000030   Code   RO          772    .text               mf_w.l(dfixul.o)
    0x08009b76   0x08009b76   0x00000002   PAD
    0x08009b78   0x08009b78   0x00000030   Code   RO          774    .text               mf_w.l(cdrcmple.o)
    0x08009ba8   0x08009ba8   0x00000024   Code   RO          776    .text               mc_w.l(init.o)
    0x08009bcc   0x08009bcc   0x0000001e   Code   RO          778    .text               mc_w.l(llshl.o)
    0x08009bea   0x08009bea   0x00000020   Code   RO          780    .text               mc_w.l(llushr.o)
    0x08009c0a   0x08009c0a   0x00000024   Code   RO          782    .text               mc_w.l(llsshr.o)
    0x08009c2e   0x08009c2e   0x000000ba   Code   RO          784    .text               mf_w.l(depilogue.o)
    0x08009ce8   0x08009ce8   0x00000020   Code   RO          619    i.__0printf$5       mc_w.l(printf5.o)
    0x08009d08   0x08009d08   0x0000002c   Code   RO          724    i.__0vsnprintf      mc_w.l(printfa.o)
    0x08009d34   0x08009d34   0x0000000e   Code   RO          788    i.__scatterload_copy  mc_w.l(handlers.o)
    0x08009d42   0x08009d42   0x00000002   Code   RO          789    i.__scatterload_null  mc_w.l(handlers.o)
    0x08009d44   0x08009d44   0x0000000e   Code   RO          790    i.__scatterload_zeroinit  mc_w.l(handlers.o)
    0x08009d52   0x08009d52   0x00000002   PAD
    0x08009d54   0x08009d54   0x00000184   Code   RO          726    i._fp_digits        mc_w.l(printfa.o)
    0x08009ed8   0x08009ed8   0x000002c0   Code   RO          626    i._printf_core      mc_w.l(printf5.o)
    0x0800a198   0x0800a198   0x000006dc   Code   RO          727    i._printf_core      mc_w.l(printfa.o)
    0x0800a874   0x0800a874   0x00000024   Code   RO          728    i._printf_post_padding  mc_w.l(printfa.o)
    0x0800a898   0x0800a898   0x0000002e   Code   RO          729    i._printf_pre_padding  mc_w.l(printfa.o)
    0x0800a8c6   0x0800a8c6   0x00000016   Code   RO          730    i._snputc           mc_w.l(printfa.o)
    0x0800a8dc   0x0800a8dc   0x00000010   Data   RO          457    .constdata          segger_rtt_printf.o
    0x0800a8ec   0x0800a8ec   0x00000043   Data   RO            2    .conststring        main.o
    0x0800a92f   0x0800a92f   0x00000001   PAD
    0x0800a930   0x0800a930   0x00000020   Data   RO          786    Region$$Table       anon$$obj.o


    Execution Region RW_IRAM1 (Exec base: 0x20000000, Load base: 0x0800a950, Size: 0x00000b68, Max: 0x00005000, ABSOLUTE)

    Exec Addr    Load Addr    Size         Type   Attr      Idx    E Section Name        Object

    0x20000000   0x0800a950   0x00000032   Data   RW            3    .data               main.o
    0x20000032   0x0800a982   0x00000002   PAD
    0x20000034   0x0800a984   0x00000014   Data   RW          194    .data               system_stm32f10x.o
    0x20000048   0x0800a998   0x00000002   Data   RW          212    .data               led.o
    0x2000004a   0x0800a99a   0x00000002   PAD
    0x2000004c   0x0800a99c   0x00000033   Data   RW          247    .data               key.o
    0x2000007f   0x0800a9cf   0x00000001   Data   RW          268    .data               exti.o
    0x20000080   0x0800a9d0   0x00000004   Data   RW          290    .data               delay.o
    0x20000084   0x0800a9d4   0x00000018   Data   RW          322    .data               usart.o
    0x2000009c   0x0800a9ec   0x00000014   Data   RW          373    .data               stm32f10x_rcc.o
    0x200000b0   0x0800aa00   0x00000011   Data   RW          436    .data               segger_rtt.o
    0x200000c1   0x0800aa11   0x00000003   PAD
    0x200000c4        -       0x00000024   Zero   RW          246    .bss                key.o
    0x200000e8        -       0x000001c8   Zero   RW          321    .bss                usart.o
    0x200002b0        -       0x000004b8   Zero   RW          435    .bss                segger_rtt.o
    0x20000768        -       0x00000400   Zero   RW          353    STACK               startup_stm32f10x_md.o


==============================================================================

Image component sizes


      Code (inc. data)   RO Data    RW Data    ZI Data      Debug   Object Name

       212         18          0          4          0       1031   delay.o
       200         46          0          1          0       1107   exti.o
      1000         68          0         51         36       5113   key.o
      3524        392          0          2          0       5803   led.o
     20960       2466         67         50          0     273541   main.o
       220         22          0          0          0       1789   misc.o
      2936         58          0         17       1208      15780   segger_rtt.o
      1096          6         16          0          0       4063   segger_rtt_printf.o
        36          8        236          0       1024        784   startup_stm32f10x_md.o
       284         10          0          0          0       2247   stm32f10x_exti.o
       860         38          0          0          0       5721   stm32f10x_gpio.o
        26          0          0          0          0       1174   stm32f10x_it.o
       936         38          0         20          0       8896   stm32f10x_rcc.o
      3610         88          0          0          0      22832   stm32f10x_tim.o
      1032         22          0          0          0       8448   stm32f10x_usart.o
         0          0          0          0          0         32   sys.o
       480         36          0         20          0       1719   system_stm32f10x.o
       236         42          0          0          0       1117   timer.o
       812        136          0         24        456       6477   usart.o

    ----------------------------------------------------------------------
     38464       3494        352        196       2724     367674   Object Totals
         0          0         32          0          0          0   (incl. Generated)
         4          0          1          7          0          0   (incl. Padding)

    ----------------------------------------------------------------------

      Code (inc. data)   RO Data    RW Data    ZI Data      Debug   Library Member Name

         0          0          0          0          0          0   entry.o
         0          0          0          0          0          0   entry10a.o
         0          0          0          0          0          0   entry11a.o
         8          4          0          0          0          0   entry2.o
         4          0          0          0          0          0   entry5.o
         0          0          0          0          0          0   entry7b.o
         0          0          0          0          0          0   entry8b.o
         8          4          0          0          0          0   entry9a.o
        30          0          0          0          0          0   handlers.o
        36          8          0          0          0         68   init.o
         0          0          0          0          0          0   iusefp.o
        30          0          0          0          0         68   llshl.o
        36          0          0          0          0         68   llsshr.o
        32          0          0          0          0         68   llushr.o
        36          0          0          0          0         68   memcpya.o
        36          0          0          0          0        108   memseta.o
       736         56          0          0          0        184   printf5.o
      2292         84          0          0          0        516   printfa.o
        18          0          0          0          0         68   strcpy.o
        14          0          0          0          0         68   strlen.o
        44          0          0          0          0         80   uidiv.o
        98          0          0          0          0         92   uldiv.o
        48          0          0          0          0         68   cdrcmple.o
       334          0          0          0          0        148   dadd.o
       222          0          0          0          0        100   ddiv.o
       186          0          0          0          0        176   depilogue.o
        48          0          0          0          0         68   dfixul.o
       228          0          0          0          0         96   dmul.o

    ----------------------------------------------------------------------
      4528        156          0          0          0       2112   Library Totals
         4          0          0          0          0          0   (incl. Padding)

    ----------------------------------------------------------------------

      Code (inc. data)   RO Data    RW Data    ZI Data      Debug   Library Name

      3458        156          0          0          0       1456   mc_w.l
      1066          0          0          0          0        656   mf_w.l

    ----------------------------------------------------------------------
      4528        156          0          0          0       2112   Library Totals

    ----------------------------------------------------------------------

==============================================================================


      Code (inc. data)   RO Data    RW Data    ZI Data      Debug   

     42992       3650        352        196       2724     367390   Grand Totals
     42992       3650        352        196       2724     367390   ELF Image Totals
     42992       3650        352        196          0          0   ROM Totals

==============================================================================

    Total RO  Size (Code + RO Data)                43344 (  42.33kB)
    Total RW  Size (RW Data + ZI Data)              2920 (   2.85kB)
    Total ROM Size (Code + RO Data + RW Data)      43540 (  42.52kB)

==============================================================================

